Component: ARM Compiler 5.06 update 6 (build 750) Tool: armlink [4d35ed]

==============================================================================

Section Cross References

    startup_stm32f103xe.o(RESET) refers to startup_stm32f103xe.o(STACK) for __initial_sp
    startup_stm32f103xe.o(RESET) refers to startup_stm32f103xe.o(.text) for Reset_Handler
    startup_stm32f103xe.o(RESET) refers to stm32f1xx_it.o(i.NMI_Handler) for NMI_Handler
    startup_stm32f103xe.o(RESET) refers to stm32f1xx_it.o(i.HardFault_Handler) for HardFault_Handler
    startup_stm32f103xe.o(RESET) refers to stm32f1xx_it.o(i.MemManage_Handler) for MemManage_Handler
    startup_stm32f103xe.o(RESET) refers to stm32f1xx_it.o(i.BusFault_Handler) for BusFault_Handler
    startup_stm32f103xe.o(RESET) refers to stm32f1xx_it.o(i.UsageFault_Handler) for UsageFault_Handler
    startup_stm32f103xe.o(RESET) refers to stm32f1xx_it.o(i.SVC_Handler) for SVC_Handler
    startup_stm32f103xe.o(RESET) refers to stm32f1xx_it.o(i.DebugMon_Handler) for DebugMon_Handler
    startup_stm32f103xe.o(RESET) refers to stm32f1xx_it.o(i.PendSV_Handler) for PendSV_Handler
    startup_stm32f103xe.o(RESET) refers to stm32f1xx_it.o(i.SysTick_Handler) for SysTick_Handler
    startup_stm32f103xe.o(RESET) refers to stm32f1xx_it.o(i.DMA1_Channel2_IRQHandler) for DMA1_Channel2_IRQHandler
    startup_stm32f103xe.o(RESET) refers to stm32f1xx_it.o(i.DMA1_Channel3_IRQHandler) for DMA1_Channel3_IRQHandler
    startup_stm32f103xe.o(RESET) refers to stm32f1xx_it.o(i.DMA1_Channel4_IRQHandler) for DMA1_Channel4_IRQHandler
    startup_stm32f103xe.o(RESET) refers to stm32f1xx_it.o(i.DMA1_Channel5_IRQHandler) for DMA1_Channel5_IRQHandler
    startup_stm32f103xe.o(RESET) refers to stm32f1xx_it.o(i.DMA1_Channel6_IRQHandler) for DMA1_Channel6_IRQHandler
    startup_stm32f103xe.o(RESET) refers to stm32f1xx_it.o(i.DMA1_Channel7_IRQHandler) for DMA1_Channel7_IRQHandler
    startup_stm32f103xe.o(RESET) refers to stm32f1xx_it.o(i.USART1_IRQHandler) for USART1_IRQHandler
    startup_stm32f103xe.o(RESET) refers to stm32f1xx_it.o(i.USART2_IRQHandler) for USART2_IRQHandler
    startup_stm32f103xe.o(RESET) refers to stm32f1xx_it.o(i.USART3_IRQHandler) for USART3_IRQHandler
    startup_stm32f103xe.o(.text) refers to system_stm32f1xx.o(i.SystemInit) for SystemInit
    startup_stm32f103xe.o(.text) refers to entry.o(.ARM.Collect$$$$00000000) for __main
    main.o(i.SystemClock_Config) refers to memseta.o(.text) for __aeabi_memclr4
    main.o(i.SystemClock_Config) refers to stm32f1xx_hal_rcc.o(i.HAL_RCC_OscConfig) for HAL_RCC_OscConfig
    main.o(i.SystemClock_Config) refers to main.o(i.Error_Handler) for Error_Handler
    main.o(i.SystemClock_Config) refers to stm32f1xx_hal_rcc.o(i.HAL_RCC_ClockConfig) for HAL_RCC_ClockConfig
    main.o(i.main) refers to app_init_variables.o(i.Init_Variables) for Init_Variables
    main.o(i.main) refers to stm32f1xx_hal.o(i.HAL_Init) for HAL_Init
    main.o(i.main) refers to main.o(i.SystemClock_Config) for SystemClock_Config
    main.o(i.main) refers to gpio.o(i.MX_GPIO_Init) for MX_GPIO_Init
    main.o(i.main) refers to dma.o(i.MX_DMA_Init) for MX_DMA_Init
    main.o(i.main) refers to usart.o(i.MX_USART3_UART_Init) for MX_USART3_UART_Init
    main.o(i.main) refers to usart.o(i.MX_USART1_UART_Init) for MX_USART1_UART_Init
    main.o(i.main) refers to usart.o(i.MX_USART2_UART_Init) for MX_USART2_UART_Init
    main.o(i.main) refers to spi.o(i.MX_SPI2_Init) for MX_SPI2_Init
    main.o(i.main) refers to stm32f1xx_hal.o(i.HAL_Delay) for HAL_Delay
    main.o(i.main) refers to app_storage.o(i.Storage_Init) for Storage_Init
    main.o(i.main) refers to rn8209_main.o(i.RN8209_Handler) for RN8209_Handler
    main.o(i.main) refers to app_uart_rcv.o(i.Uart_Handler) for Uart_Handler
    main.o(i.main) refers to app_led.o(i.LED_Handler) for LED_Handler
    main.o(i.main) refers to app_storage.o(i.Storage_Handler) for Storage_Handler
    gpio.o(i.MX_GPIO_Init) refers to stm32f1xx_hal_gpio.o(i.HAL_GPIO_WritePin) for HAL_GPIO_WritePin
    gpio.o(i.MX_GPIO_Init) refers to stm32f1xx_hal_gpio.o(i.HAL_GPIO_Init) for HAL_GPIO_Init
    dma.o(i.MX_DMA_Init) refers to stm32f1xx_hal_cortex.o(i.HAL_NVIC_SetPriority) for HAL_NVIC_SetPriority
    dma.o(i.MX_DMA_Init) refers to stm32f1xx_hal_cortex.o(i.HAL_NVIC_EnableIRQ) for HAL_NVIC_EnableIRQ
    iwdg.o(i.MX_IWDG_Init) refers to stm32f1xx_hal_iwdg.o(i.HAL_IWDG_Init) for HAL_IWDG_Init
    iwdg.o(i.MX_IWDG_Init) refers to main.o(i.Error_Handler) for Error_Handler
    iwdg.o(i.MX_IWDG_Init) refers to iwdg.o(.bss) for hiwdg
    spi.o(i.HAL_SPI_MspDeInit) refers to stm32f1xx_hal_gpio.o(i.HAL_GPIO_DeInit) for HAL_GPIO_DeInit
    spi.o(i.HAL_SPI_MspInit) refers to stm32f1xx_hal_gpio.o(i.HAL_GPIO_Init) for HAL_GPIO_Init
    spi.o(i.MX_SPI2_Init) refers to stm32f1xx_hal_spi.o(i.HAL_SPI_Init) for HAL_SPI_Init
    spi.o(i.MX_SPI2_Init) refers to main.o(i.Error_Handler) for Error_Handler
    spi.o(i.MX_SPI2_Init) refers to spi.o(.bss) for hspi2
[...]
    i.RN8209_Calibrate_Zero_Check_DC_Offset  0x08003fc4   Section        0  rn8209_calibrate_zero.o(i.RN8209_Calibrate_Zero_Check_DC_Offset)
    RN8209_Calibrate_Zero_Check_DC_Offset    0x08003fc5   Thumb Code   276  rn8209_calibrate_zero.o(i.RN8209_Calibrate_Zero_Check_DC_Offset)
    i.RN8209_Calibrate_Zero_Handler          0x080040ec   Section        0  rn8209_calibrate_zero.o(i.RN8209_Calibrate_Zero_Handler)
    i.RN8209_Calibrate_Zero_Init             0x08004188   Section        0  rn8209_calibrate_zero.o(i.RN8209_Calibrate_Zero_Init)
    RN8209_Calibrate_Zero_Init               0x08004189   Thumb Code    34  rn8209_calibrate_zero.o(i.RN8209_Calibrate_Zero_Init)
    i.RN8209_Calibrate_Zero_Init_1           0x080041b0   Section        0  rn8209_calibrate_zero.o(i.RN8209_Calibrate_Zero_Init_1)
    RN8209_Calibrate_Zero_Init_1             0x080041b1   Thumb Code    48  rn8209_calibrate_zero.o(i.RN8209_Calibrate_Zero_Init_1)
    i.RN8209_Check_Reg_Pack                  0x080041e4   Section        0  rn8209_drv.o(i.RN8209_Check_Reg_Pack)
    RN8209_Check_Reg_Pack                    0x080041e5   Thumb Code    70  rn8209_drv.o(i.RN8209_Check_Reg_Pack)
    i.RN8209_Handler                         0x0800422c   Section        0  rn8209_main.o(i.RN8209_Handler)
    i.RN8209_Init                            0x08004288   Section        0  rn8209_func.o(i.RN8209_Init)
    i.RN8209_Init_Calibrate_Gain_State       0x080042ec   Section        0  rn8209_calibrate_gain.o(i.RN8209_Init_Calibrate_Gain_State)
    i.RN8209_Init_Calibrate_Offset_State     0x080042f8   Section        0  rn8209_calibrate_offset.o(i.RN8209_Init_Calibrate_Offset_State)
    i.RN8209_Init_Calibrate_Zero_State       0x08004304   Section        0  rn8209_calibrate_zero.o(i.RN8209_Init_Calibrate_Zero_State)
    i.RN8209_Init_Ctl_Reg                    0x08004310   Section        0  rn8209_func.o(i.RN8209_Init_Ctl_Reg)
    i.RN8209_Init_Ctl_Reg_Variables          0x08004394   Section        0  rn8209_func.o(i.RN8209_Init_Ctl_Reg_Variables)
    RN8209_Init_Ctl_Reg_Variables            0x08004395   Thumb Code    58  rn8209_func.o(i.RN8209_Init_Ctl_Reg_Variables)
    i.RN8209_Init_Data_Reg                   0x080043d8   Section        0  rn8209_func.o(i.RN8209_Init_Data_Reg)
    RN8209_Init_Data_Reg                     0x080043d9   Thumb Code    48  rn8209_func.o(i.RN8209_Init_Data_Reg)
    i.RN8209_Init_Data_Reg_Variables         0x08004410   Section        0  rn8209_func.o(i.RN8209_Init_Data_Reg_Variables)
    RN8209_Init_Data_Reg_Variables           0x08004411   Thumb Code    22  rn8209_func.o(i.RN8209_Init_Data_Reg_Variables)
    i.RN8209_Init_Gain_Reg                   0x08004430   Section        0  rn8209_func.o(i.RN8209_Init_Gain_Reg)
    i.RN8209_Init_IB_Gain_Reg                0x08004480   Section        0  rn8209_func.o(i.RN8209_Init_IB_Gain_Reg)
    RN8209_Init_IB_Gain_Reg                  0x08004481   Thumb Code    50  rn8209_func.o(i.RN8209_Init_IB_Gain_Reg)
    i.RN8209_Init_Offset_Reg                 0x080044bc   Section        0  rn8209_func.o(i.RN8209_Init_Offset_Reg)
    i.RN8209_Init_Power_Start_Reg            0x0800450c   Section        0  rn8209_func.o(i.RN8209_Init_Power_Start_Reg)
    RN8209_Init_Power_Start_Reg              0x0800450d   Thumb Code    72  rn8209_func.o(i.RN8209_Init_Power_Start_Reg)
    i.RN8209_Init_Variables                  0x0800455c   Section        0  rn8209_func.o(i.RN8209_Init_Variables)
    i.RN8209_Init_Zero_Reg                   0x08004574   Section        0  rn8209_func.o(i.RN8209_Init_Zero_Reg)
    i.RN8209_Init_Zero_Reg_1                 0x080045f0   Section        0  rn8209_func.o(i.RN8209_Init_Zero_Reg_1)
    i.RN8209_Read                            0x08004640   Section        0  rn8209_read.o(i.RN8209_Read)
    i.RN8209_Read_Reg                        0x080049f4   Section        0  rn8209_drv.o(i.RN8209_Read_Reg)
    RN8209_Read_Reg                          0x080049f5   Thumb Code   128  rn8209_drv.o(i.RN8209_Read_Reg)
    i.RN8209_Read_Reg_Swap                   0x08004a78   Section        0  rn8209_drv.o(i.RN8209_Read_Reg_Swap)
    i.RN8209_Reset                           0x08004a84   Section        0  rn8209_func.o(i.RN8209_Reset)
    i.RN8209_Send                            0x08004ab0   Section        0  rn8209_drv.o(i.RN8209_Send)
    RN8209_Send                              0x08004ab1   Thumb Code    34  rn8209_drv.o(i.RN8209_Send)
    i.RN8209_Write_Reg                       0x08004adc   Section        0  rn8209_drv.o(i.RN8209_Write_Reg)
    RN8209_Write_Reg                         0x08004add   Thumb Code   100  rn8209_drv.o(i.RN8209_Write_Reg)
    i.RN8209_Write_Reg_Swap                  0x08004b40   Section        0  rn8209_drv.o(i.RN8209_Write_Reg_Swap)
    i.Reset_Tick                             0x08004b6c   Section        0  app_global.o(i.Reset_Tick)
    i.SPI_EndRxTxTransaction                 0x08004b78   Section        0  stm32f1xx_hal_spi.o(i.SPI_EndRxTxTransaction)
    SPI_EndRxTxTransaction                   0x08004b79   Thumb Code    40  stm32f1xx_hal_spi.o(i.SPI_EndRxTxTransaction)
    i.SPI_WaitFlagStateUntilTimeout          0x08004ba0   Section        0  stm32f1xx_hal_spi.o(i.SPI_WaitFlagStateUntilTimeout)
    SPI_WaitFlagStateUntilTimeout            0x08004ba1   Thumb Code   210  stm32f1xx_hal_spi.o(i.SPI_WaitFlagStateUntilTimeout)
    i.SVC_Handler                            0x08004c78   Section        0  stm32f1xx_it.o(i.SVC_Handler)
    i.Send_Data                              0x08004c7c   Section        0  app_uart_rcv.o(i.Send_Data)
    i.Set_LED                                0x08004ce0   Section        0  app_led.o(i.Set_LED)
    i.Set_LED_Pin                            0x08004cec   Section        0  app_led.o(i.Set_LED_Pin)
    Set_LED_Pin                              0x08004ced   Thumb Code    84  app_led.o(i.Set_LED_Pin)
    i.Set_RN8209_Main_Func                   0x08004d48   Section        0  rn8209_main.o(i.Set_RN8209_Main_Func)
    i.Storage_Check_Back_Area_1              0x08004d84   Section        0  app_storage_drv.o(i.Storage_Check_Back_Area_1)
    Storage_Check_Back_Area_1                0x08004d85   Thumb Code   178  app_storage_drv.o(i.Storage_Check_Back_Area_1)
    i.Storage_Check_Back_Area_2              0x08004e3c   Section        0  app_storage_drv.o(i.Storage_Check_Back_Area_2)
    Storage_Check_Back_Area_2                0x08004e3d   Thumb Code   146  app_storage_drv.o(i.Storage_Check_Back_Area_2)
    i.Storage_Check_Back_Area_3              0x08004ed4   Section        0  app_storage_drv.o(i.Storage_Check_Back_Area_3)
    Storage_Check_Back_Area_3                0x08004ed5   Thumb Code   120  app_storage_drv.o(i.Storage_Check_Back_Area_3)
    i.Storage_Check_Main_Area                0x08004f50   Section        0  app_storage_drv.o(i.Storage_Check_Main_Area)
    i.Storage_Clear_Handler                  0x08005014   Section        0  app_storage.o(i.Storage_Clear_Handler)
    Storage_Clear_Handler                    0x08005015   Thumb Code    40  app_storage.o(i.Storage_Clear_Handler)
    i.Storage_Handler                        0x08005040   Section        0  app_storage.o(i.Storage_Handler)
    i.Storage_Init                           0x0800504c   Section        0  app_storage.o(i.Storage_Init)
    i.Storage_Save_Handler                   0x08005058   Section        0  app_storage.o(i.Storage_Save_Handler)
    Storage_Save_Handler                     0x08005059   Thumb Code    50  app_storage.o(i.Storage_Save_Handler)
    i.Storage_Set_NeedSave_Flag              0x08005090   Section        0  app_storage.o(i.Storage_Set_NeedSave_Flag)
    i.Storage_Write_Data_To_Flash            0x080050a8   Section        0  app_storage_drv.o(i.Storage_Write_Data_To_Flash)
    i.Swap_Buf                               0x0800514c   Section        0  app_tool.o(i.Swap_Buf)
    i.SysTick_Handler                        0x08005168   Section        0  stm32f1xx_it.o(i.SysTick_Handler)
    i.SystemClock_Config                     0x08005170   Section        0  main.o(i.SystemClock_Config)
    i.SystemInit                             0x080051d6   Section        0  system_stm32f1xx.o(i.SystemInit)
    i.Tick_Timeout                           0x080051d8   Section        0  app_global.o(i.Tick_Timeout)
    i.UART_DMAAbortOnError                   0x080051f8   Section        0  stm32f1xx_hal_uart.o(i.UART_DMAAbortOnError)
    UART_DMAAbortOnError                     0x080051f9   Thumb Code    20  stm32f1xx_hal_uart.o(i.UART_DMAAbortOnError)
    i.UART_DMAError                          0x0800520c   Section        0  stm32f1xx_hal_uart.o(i.UART_DMAError)
    UART_DMAError                            0x0800520d   Thumb Code    80  stm32f1xx_hal_uart.o(i.UART_DMAError)
    i.UART_DMAReceiveCplt                    0x0800525c   Section        0  stm32f1xx_hal_uart.o(i.UART_DMAReceiveCplt)
    UART_DMAReceiveCplt                      0x0800525d   Thumb Code   104  stm32f1xx_hal_uart.o(i.UART_DMAReceiveCplt)
    i.UART_DMARxHalfCplt                     0x080052c4   Section        0  stm32f1xx_hal_uart.o(i.UART_DMARxHalfCplt)
    UART_DMARxHalfCplt                       0x080052c5   Thumb Code    32  stm32f1xx_hal_uart.o(i.UART_DMARxHalfCplt)
    i.UART_DMATransmitCplt                   0x080052e4   Section        0  stm32f1xx_hal_uart.o(i.UART_DMATransmitCplt)
    UART_DMATransmitCplt                     0x080052e5   Thumb Code    54  stm32f1xx_hal_uart.o(i.UART_DMATransmitCplt)
    i.UART_DMATxHalfCplt                     0x0800531a   Section        0  stm32f1xx_hal_uart.o(i.UART_DMATxHalfCplt)
    UART_DMATxHalfCplt                       0x0800531b   Thumb Code    14  stm32f1xx_hal_uart.o(i.UART_DMATxHalfCplt)
    i.UART_EndRxTransfer                     0x08005328   Section        0  stm32f1xx_hal_uart.o(i.UART_EndRxTransfer)
    UART_EndRxTransfer                       0x08005329   Thumb Code    54  stm32f1xx_hal_uart.o(i.UART_EndRxTransfer)
    i.UART_EndTransmit_IT                    0x0800535e   Section        0  stm32f1xx_hal_uart.o(i.UART_EndTransmit_IT)
    UART_EndTransmit_IT                      0x0800535f   Thumb Code    32  stm32f1xx_hal_uart.o(i.UART_EndTransmit_IT)
    i.UART_EndTxTransfer                     0x0800537e   Section        0  stm32f1xx_hal_uart.o(i.UART_EndTxTransfer)
    UART_EndTxTransfer                       0x0800537f   Thumb Code    20  stm32f1xx_hal_uart.o(i.UART_EndTxTransfer)
    i.UART_Receive_IT                        0x08005392   Section        0  stm32f1xx_hal_uart.o(i.UART_Receive_IT)
    UART_Receive_IT                          0x08005393   Thumb Code   228  stm32f1xx_hal_uart.o(i.UART_Receive_IT)
    i.UART_SetConfig                         0x08005478   Section        0  stm32f1xx_hal_uart.o(i.UART_SetConfig)
    UART_SetConfig                           0x08005479   Thumb Code   248  stm32f1xx_hal_uart.o(i.UART_SetConfig)
    i.UART_Start_Receive_DMA                 0x08005574   Section        0  stm32f1xx_hal_uart.o(i.UART_Start_Receive_DMA)
    i.UART_Transmit_IT                       0x0800560c   Section        0  stm32f1xx_hal_uart.o(i.UART_Transmit_IT)
    UART_Transmit_IT                         0x0800560d   Thumb Code    96  stm32f1xx_hal_uart.o(i.UART_Transmit_IT)
    i.USART1_IRQHandler                      0x0800566c   Section        0  stm32f1xx_it.o(i.USART1_IRQHandler)
    i.USART2_IRQHandler                      0x0800567c   Section        0  stm32f1xx_it.o(i.USART2_IRQHandler)
    i.USART3_IRQHandler                      0x0800568c   Section        0  stm32f1xx_it.o(i.USART3_IRQHandler)
    i.Uart_Handler                           0x0800569c   Section        0  app_uart_rcv.o(i.Uart_Handler)
    i.UsageFault_Handler                     0x080056e4   Section        0  stm32f1xx_it.o(i.UsageFault_Handler)
    i.W25qxx_Check_Busy                      0x080056e8   Section        0  app_w25qxx.o(i.W25qxx_Check_Busy)
    W25qxx_Check_Busy                        0x080056e9   Thumb Code    24  app_w25qxx.o(i.W25qxx_Check_Busy)
    i.W25qxx_Erase_Sector                    0x08005700   Section        0  app_w25qxx.o(i.W25qxx_Erase_Sector)
    i.W25qxx_Get_Data                        0x08005740   Section        0  app_w25qxx.o(i.W25qxx_Get_Data)
    W25qxx_Get_Data                          0x08005741   Thumb Code    28  app_w25qxx.o(i.W25qxx_Get_Data)
    i.W25qxx_Init                            0x0800575c   Section        0  app_w25qxx.o(i.W25qxx_Init)
    i.W25qxx_Init_Variables                  0x08005768   Section        0  app_w25qxx.o(i.W25qxx_Init_Variables)
    W25qxx_Init_Variables                    0x08005769   Thumb Code    28  app_w25qxx.o(i.W25qxx_Init_Variables)
    i.W25qxx_Read                            0x08005788   Section        0  app_w25qxx.o(i.W25qxx_Read)
    i.W25qxx_ReadWrite_Byte                  0x080057c4   Section        0  app_w25qxx.o(i.W25qxx_ReadWrite_Byte)
    W25qxx_ReadWrite_Byte                    0x080057c5   Thumb Code    32  app_w25qxx.o(i.W25qxx_ReadWrite_Byte)
    i.W25qxx_Read_Reg                        0x080057e8   Section        0  app_w25qxx.o(i.W25qxx_Read_Reg)
    W25qxx_Read_Reg                          0x080057e9   Thumb Code    50  app_w25qxx.o(i.W25qxx_Read_Reg)
    i.W25qxx_Send_Addr                       0x08005820   Section        0  app_w25qxx.o(i.W25qxx_Send_Addr)
    W25qxx_Send_Addr                         0x08005821   Thumb Code    28  app_w25qxx.o(i.W25qxx_Send_Addr)
    i.W25qxx_Send_Cmd                        0x0800583c   Section        0  app_w25qxx.o(i.W25qxx_Send_Cmd)
    W25qxx_Send_Cmd                          0x0800583d   Thumb Code    12  app_w25qxx.o(i.W25qxx_Send_Cmd)
    i.W25qxx_Send_Data                       0x08005848   Section        0  app_w25qxx.o(i.W25qxx_Send_Data)
    W25qxx_Send_Data                         0x08005849   Thumb Code    26  app_w25qxx.o(i.W25qxx_Send_Data)
    i.W25qxx_Wait_Busy                       0x08005864   Section        0  app_w25qxx.o(i.W25qxx_Wait_Busy)
    W25qxx_Wait_Busy                         0x08005865   Thumb Code    56  app_w25qxx.o(i.W25qxx_Wait_Busy)
    i.W25qxx_Write                           0x080058a0   Section        0  app_w25qxx.o(i.W25qxx_Write)
    i.W25qxx_Write_Enable                    0x0800596c   Section        0  app_w25qxx.o(i.W25qxx_Write_Enable)
    W25qxx_Write_Enable                      0x0800596d   Thumb Code    32  app_w25qxx.o(i.W25qxx_Write_Enable)
    i.W25qxx_Write_Page                      0x08005990   Section        0  app_w25qxx.o(i.W25qxx_Write_Page)
    W25qxx_Write_Page                        0x08005991   Thumb Code    94  app_w25qxx.o(i.W25qxx_Write_Page)
    i.W25qxx_Write_Sector                    0x080059f4   Section        0  app_w25qxx.o(i.W25qxx_Write_Sector)
    W25qxx_Write_Sector                      0x080059f5   Thumb Code   112  app_w25qxx.o(i.W25qxx_Write_Sector)
    i.__ARM_fpclassify                       0x08005a64   Section        0  fpclassify.o(i.__ARM_fpclassify)
    i.__NVIC_GetPriorityGrouping             0x08005a8c   Section        0  stm32f1xx_hal_cortex.o(i.__NVIC_GetPriorityGrouping)
    __NVIC_GetPriorityGrouping               0x08005a8d   Thumb Code    10  stm32f1xx_hal_cortex.o(i.__NVIC_GetPriorityGrouping)
    i.__NVIC_SetPriority                     0x08005a9c   Section        0  stm32f1xx_hal_cortex.o(i.__NVIC_SetPriority)
    __NVIC_SetPriority                       0x08005a9d   Thumb Code    32  stm32f1xx_hal_cortex.o(i.__NVIC_SetPriority)
    i.__kernel_poly                          0x08005ac4   Section        0  poly.o(i.__kernel_poly)
    i.__mathlib_dbl_divzero                  0x08005b70   Section        0  dunder.o(i.__mathlib_dbl_divzero)
    i.__mathlib_dbl_infnan2                  0x08005b80   Section        0  dunder.o(i.__mathlib_dbl_infnan2)
    i.__mathlib_dbl_invalid                  0x08005b84   Section        0  dunder.o(i.__mathlib_dbl_invalid)
    i.__mathlib_dbl_overflow                 0x08005b90   Section        0  dunder.o(i.__mathlib_dbl_overflow)
    i.__mathlib_dbl_underflow                0x08005ba0   Section        0  dunder.o(i.__mathlib_dbl_underflow)
    i.__scatterload_copy                     0x08005bb0   Section       14  handlers.o(i.__scatterload_copy)
    i.__scatterload_null                     0x08005bbe   Section        2  handlers.o(i.__scatterload_null)
    i.__scatterload_zeroinit                 0x08005bc0   Section       14  handlers.o(i.__scatterload_zeroinit)
    i.__set_errno                            0x08005bd0   Section        0  errno.o(i.__set_errno)
    i.main                                   0x08005bdc   Section        0  main.o(i.main)
    i.pow                                    0x08005c20   Section        0  pow.o(i.pow)
    i.rn8209_ParseCmd                        0x080065f8   Section        0  rn8209_drv.o(i.rn8209_ParseCmd)
    rn8209_ParseCmd                          0x080065f9   Thumb Code   202  rn8209_drv.o(i.rn8209_ParseCmd)
    i.sqrt                                   0x080066cc   Section        0  sqrt.o(i.sqrt)
    .constdata                               0x08006718   Section       24  system_stm32f1xx.o(.constdata)
    .constdata                               0x08006730   Section        5  rn8209_drv.o(.constdata)
    .constdata                               0x08006738   Section      136  pow.o(.constdata)
    bp                                       0x08006738   Data          16  pow.o(.constdata)
    dp_h                                     0x08006748   Data          16  pow.o(.constdata)
    dp_l                                     0x08006758   Data          16  pow.o(.constdata)
    L                                        0x08006768   Data          48  pow.o(.constdata)
    P                                        0x08006798   Data          40  pow.o(.constdata)
    .constdata                               0x080067c0   Section        8  qnan.o(.constdata)
    .data                                    0x20000000   Section        9  stm32f1xx_hal.o(.data)
    .data                                    0x2000000c   Section        4  system_stm32f1xx.o(.data)
    .data                                    0x20000010   Section        2  rn8209_drv.o(.data)
    .data                                    0x20000014   Section        9  rn8209_read.o(.data)
    WaitTick                                 0x20000014   Data           4  rn8209_read.o(.data)
    WaitTick1                                0x20000018   Data           4  rn8209_read.o(.data)
    Idx                                      0x2000001c   Data           1  rn8209_read.o(.data)
    .data                                    0x2000001d   Section        1  rn8209_main.o(.data)
    RN8209                                   0x2000001d   Data           1  rn8209_main.o(.data)
    .data                                    0x20000020   Section        8  rn8209_calibrate_zero.o(.data)
    RN8209_CalibrateZero                     0x20000020   Data           1  rn8209_calibrate_zero.o(.data)
    WaitTick                                 0x20000024   Data           4  rn8209_calibrate_zero.o(.data)
    .data                                    0x20000028   Section        8  rn8209_calibrate_gain.o(.data)
    RN8209_CalibrateGain                     0x20000028   Data           2  rn8209_calibrate_gain.o(.data)
    WaitTick                                 0x2000002c   Data           4  rn8209_calibrate_gain.o(.data)
    .data                                    0x20000030   Section        8  rn8209_calibrate_offset.o(.data)
    RN8209_CalibrateOffset                   0x20000030   Data           2  rn8209_calibrate_offset.o(.data)
    WaitTick                                 0x20000034   Data           4  rn8209_calibrate_offset.o(.data)
    .data                                    0x20000038   Section        2  app_protocol_ydt1363.o(.data)
    .data                                    0x2000003c   Section        8  app_storage_drv.o(.data)
    StorageAddr                              0x2000003c   Data           8  app_storage_drv.o(.data)
    .data                                    0x20000044   Section        4  errno.o(.data)
    _errno                                   0x20000044   Data           4  errno.o(.data)
    .bss                                     0x20000048   Section       88  spi.o(.bss)
    .bss                                     0x200000a0   Section     1080  usart.o(.bss)
    .bss                                     0x200004d8   Section       12  app_test.o(.bss)
    .bss                                     0x200004e4   Section      252  rn8209_drv.o(.bss)
    .bss                                     0x200005e0   Section     1820  rn8209_read.o(.bss)
    TempDataBuf                              0x20000658   Data        1700  rn8209_read.o(.bss)
    .bss                                     0x20000cfc   Section      136  rn8209_calibrate_zero.o(.bss)
    RN8209_CalibrateZeroData_1               0x20000cfc   Data          68  rn8209_calibrate_zero.o(.bss)
    RN8209_CalibrateZeroData_2               0x20000d40   Data          68  rn8209_calibrate_zero.o(.bss)
    .bss                                     0x20000d84   Section       20  app_uart_rcv.o(.bss)
    .bss                                     0x20000d98   Section       82  app_storage.o(.bss)
    Storage                                  0x20000d98   Data          82  app_storage.o(.bss)
    .bss                                     0x20000dec   Section       12  app_w25qxx.o(.bss)
    .bss                                     0x20000df8   Section      160  app_storage_rn8209.o(.bss)
    .bss                                     0x20000e98   Section       24  app_led.o(.bss)
    Led                                      0x20000e98   Data          24  app_led.o(.bss)
    STACK                                    0x20000eb0   Section     9216  startup_stm32f103xe.o(STACK)

    Global Symbols

    Symbol Name                              Value     Ov Type        Size  Object(Section)

    BuildAttributes$$THM_ISAv4$P$D$K$B$S$PE$A:L22UL41UL21$X:L11$S22US41US21$IEEE1$IW$USESV6$~STKCKD$USESV7$~SHL$OTIME$ROPI$IEEEX$EBA8$MICROLIB$REQ8$PRES8$EABIv2 0x00000000   Number         0  anon$$obj.o ABSOLUTE
    __ARM_use_no_argv                        0x00000000   Number         0  main.o ABSOLUTE
    __cpp_initialize__aeabi_                  - Undefined Weak Reference
    __cxa_finalize                            - Undefined Weak Reference
    __decompress                              - Undefined Weak Reference
    _clock_init                               - Undefined Weak Reference
    _microlib_exit                            - Undefined Weak Reference
    __Vectors_Size                           0x00000130   Number         0  startup_stm32f103xe.o ABSOLUTE
    __Vectors                                0x08000000   Data           4  startup_stm32f103xe.o(RESET)
    __Vectors_End                            0x08000130   Data           0  startup_stm32f103xe.o(RESET)
    __main                                   0x08000131   Thumb Code     0  entry.o(.ARM.Collect$$$$00000000)
    _main_stk                                0x08000131   Thumb Code     0  entry2.o(.ARM.Collect$$$$00000001)
    _main_scatterload                        0x08000135   Thumb Code     0  entry5.o(.ARM.Collect$$$$00000004)
    __main_after_scatterload                 0x08000139   Thumb Code     0  entry5.o(.ARM.Collect$$$$00000004)
    _main_clock                              0x08000139   Thumb Code     0  entry7b.o(.ARM.Collect$$$$00000008)
    _main_cpp_init                           0x08000139   Thumb Code     0  entry8b.o(.ARM.Collect$$$$0000000A)
    _main_init                               0x08000139   Thumb Code     0  entry9a.o(.ARM.Collect$$$$0000000B)
    __rt_final_cpp                           0x08000141   Thumb Code     0  entry10a.o(.ARM.Collect$$$$0000000D)
    __rt_final_exit                          0x08000141   Thumb Code     0  entry11a.o(.ARM.Collect$$$$0000000F)
    Reset_Handler                            0x08000145   Thumb Code     8  startup_stm32f103xe.o(.text)
    ADC1_2_IRQHandler                        0x0800015f   Thumb Code     0  startup_stm32f103xe.o(.text)
    ADC3_IRQHandler                          0x0800015f   Thumb Code     0  startup_stm32f103xe.o(.text)
    CAN1_RX1_IRQHandler                      0x0800015f   Thumb Code     0  startup_stm32f103xe.o(.text)
    CAN1_SCE_IRQHandler                      0x0800015f   Thumb Code     0  startup_stm32f103xe.o(.text)
    DMA1_Channel1_IRQHandler                 0x0800015f   Thumb Code     0  startup_stm32f103xe.o(.text)
    DMA2_Channel1_IRQHandler                 0x0800015f   Thumb Code     0  startup_stm32f103xe.o(.text)
    DMA2_Channel2_IRQHandler                 0x0800015f   Thumb Code     0  startup_stm32f103xe.o(.text)
    DMA2_Channel3_IRQHandler                 0x0800015f   Thumb Code     0  startup_stm32f103xe.o(.text)
    DMA2_Channel4_5_IRQHandler               0x0800015f   Thumb Code     0  startup_stm32f103xe.o(.text)
    EXTI0_IRQHandler                         0x0800015f   Thumb Code     0  startup_stm32f103xe.o(.text)
    EXTI15_10_IRQHandler                     0x0800015f   Thumb Code     0  startup_stm32f103xe.o(.text)
    EXTI1_IRQHandler                         0x0800015f   Thumb Code     0  startup_stm32f103xe.o(.text)
    EXTI2_IRQHandler                         0x0800015f   Thumb Code     0  startup_stm32f103xe.o(.text)
    EXTI3_IRQHandler                         0x0800015f   Thumb Code     0  startup_stm32f103xe.o(.text)
    EXTI4_IRQHandler                         0x0800015f   Thumb Code     0  startup_stm32f103xe.o(.text)
    EXTI9_5_IRQHandler                       0x0800015f   Thumb Code     0  startup_stm32f103xe.o(.text)
    FLASH_IRQHandler                         0x0800015f   Thumb Code     0  startup_stm32f103xe.o(.text)
    FSMC_IRQHandler                          0x0800015f   Thumb Code     0  startup_stm32f103xe.o(.text)
    I2C1_ER_IRQHandler                       0x0800015f   Thumb Code     0  startup_stm32f103xe.o(.text)
    I2C1_EV_IRQHandler                       0x0800015f   Thumb Code     0  startup_stm32f103xe.o(.text)
    I2C2_ER_IRQHandler                       0x0800015f   Thumb Code     0  startup_stm32f103xe.o(.text)
    I2C2_EV_IRQHandler                       0x0800015f   Thumb Code     0  startup_stm32f103xe.o(.text)
    PVD_IRQHandler                           0x0800015f   Thumb Code     0  startup_stm32f103xe.o(.text)
    RCC_IRQHandler                           0x0800015f   Thumb Code     0  startup_stm32f103xe.o(.text)
    RTC_Alarm_IRQHandler                     0x0800015f   Thumb Code     0  startup_stm32f103xe.o(.text)
    RTC_IRQHandler                           0x0800015f   Thumb Code     0  startup_stm32f103xe.o(.text)
    SDIO_IRQHandler                          0x0800015f   Thumb Code     0  startup_stm32f103xe.o(.text)
    SPI1_IRQHandler                          0x0800015f   Thumb Code     0  startup_stm32f103xe.o(.text)
    SPI2_IRQHandler                          0x0800015f   Thumb Code     0  startup_stm32f103xe.o(.text)
    SPI3_IRQHandler                          0x0800015f   Thumb Code     0  startup_stm32f103xe.o(.text)
    TAMPER_IRQHandler                        0x0800015f   Thumb Code     0  startup_stm32f103xe.o(.text)
    TIM1_BRK_IRQHandler                      0x0800015f   Thumb Code     0  startup_stm32f103xe.o(.text)
    TIM1_CC_IRQHandler                       0x0800015f   Thumb Code     0  startup_stm32f103xe.o(.text)
    TIM1_TRG_COM_IRQHandler                  0x0800015f   Thumb Code     0  startup_stm32f103xe.o(.text)
    TIM1_UP_IRQHandler                       0x0800015f   Thumb Code     0  startup_stm32f103xe.o(.text)
    TIM2_IRQHandler                          0x0800015f   Thumb Code     0  startup_stm32f103xe.o(.text)
    TIM3_IRQHandler                          0x0800015f   Thumb Code     0  startup_stm32f103xe.o(.text)
    TIM4_IRQHandler                          0x0800015f   Thumb Code     0  startup_stm32f103xe.o(.text)
    TIM5_IRQHandler                          0x0800015f   Thumb Code     0  startup_stm32f103xe.o(.text)
    TIM6_IRQHandler                          0x0800015f   Thumb Code     0  startup_stm32f103xe.o(.text)
    TIM7_IRQHandler                          0x0800015f   Thumb Code     0  startup_stm32f103xe.o(.text)
    TIM8_BRK_IRQHandler                      0x0800015f   Thumb Code     0  startup_stm32f103xe.o(.text)
    TIM8_CC_IRQHandler                       0x0800015f   Thumb Code     0  startup_stm32f103xe.o(.text)
    TIM8_TRG_COM_IRQHandler                  0x0800015f   Thumb Code     0  startup_stm32f103xe.o(.text)
    TIM8_UP_IRQHandler                       0x0800015f   Thumb Code     0  startup_stm32f103xe.o(.text)
    UART4_IRQHandler                         0x0800015f   Thumb Code     0  startup_stm32f103xe.o(.text)
    UART5_IRQHandler                         0x0800015f   Thumb Code     0  startup_stm32f103xe.o(.text)
    USBWakeUp_IRQHandler                     0x0800015f   Thumb Code     0  startup_stm32f103xe.o(.text)
    USB_HP_CAN1_TX_IRQHandler                0x0800015f   Thumb Code     0  startup_stm32f103xe.o(.text)
    USB_LP_CAN1_RX0_IRQHandler               0x0800015f   Thumb Code     0  startup_stm32f103xe.o(.text)
    WWDG_IRQHandler                          0x0800015f   Thumb Code     0  startup_stm32f103xe.o(.text)
    __aeabi_uldivmod                         0x08000169   Thumb Code    98  uldiv.o(.text)
    __aeabi_ldivmod                          0x080001cb   Thumb Code    98  ldiv.o(.text)
    __aeabi_llsr                             0x0800022d   Thumb Code    32  llushr.o(.text)
    _ll_ushift_r                             0x0800022d   Thumb Code     0  llushr.o(.text)
    toupper                                  0x0800024d   Thumb Code    12  toupper.o(.text)
    __aeabi_memcpy                           0x08000259   Thumb Code    36  memcpya.o(.text)
    __aeabi_memcpy4                          0x08000259   Thumb Code     0  memcpya.o(.text)
    __aeabi_memcpy8                          0x08000259   Thumb Code     0  memcpya.o(.text)
    __aeabi_memset                           0x0800027d   Thumb Code    14  memseta.o(.text)
    __aeabi_memset4                          0x0800027d   Thumb Code     0  memseta.o(.text)
    __aeabi_memset8                          0x0800027d   Thumb Code     0  memseta.o(.text)
    __aeabi_memclr                           0x0800028b   Thumb Code     4  memseta.o(.text)
    __aeabi_memclr4                          0x0800028b   Thumb Code     0  memseta.o(.text)
    __aeabi_memclr8                          0x0800028b   Thumb Code     0  memseta.o(.text)
    _memset$wrapper                          0x0800028f   Thumb Code    18  memseta.o(.text)
    __aeabi_fadd                             0x080002a1   Thumb Code   164  fadd.o(.text)
    __aeabi_fsub                             0x08000345   Thumb Code     6  fadd.o(.text)
    __aeabi_frsub                            0x0800034b   Thumb Code     6  fadd.o(.text)
    __aeabi_fmul                             0x08000351   Thumb Code   100  fmul.o(.text)
    __aeabi_fdiv                             0x080003b5   Thumb Code   124  fdiv.o(.text)
    __aeabi_dadd                             0x08000431   Thumb Code   322  dadd.o(.text)
    __aeabi_dsub                             0x08000573   Thumb Code     6  dadd.o(.text)
    __aeabi_drsub                            0x08000579   Thumb Code     6  dadd.o(.text)
    __aeabi_dmul                             0x0800057f   Thumb Code   228  dmul.o(.text)
    __aeabi_ddiv                             0x08000663   Thumb Code   222  ddiv.o(.text)
    __aeabi_ui2f                             0x08000741   Thumb Code    10  ffltui.o(.text)
    __aeabi_i2d                              0x0800074b   Thumb Code    34  dflti.o(.text)
    __aeabi_ui2d                             0x0800076d   Thumb Code    26  dfltui.o(.text)
    __aeabi_ul2d                             0x08000787   Thumb Code    24  dfltul.o(.text)
    __aeabi_f2iz                             0x0800079f   Thumb Code    50  ffixi.o(.text)
    __aeabi_f2uiz                            0x080007d1   Thumb Code    40  ffixui.o(.text)
    __aeabi_d2uiz                            0x080007f9   Thumb Code    50  dfixui.o(.text)
    __aeabi_d2f                              0x0800082b   Thumb Code    56  d2f.o(.text)
    __aeabi_cfcmpeq                          0x08000865   Thumb Code     0  cfcmple.o(.text)
    __aeabi_cfcmple                          0x08000865   Thumb Code    20  cfcmple.o(.text)
    __aeabi_cfrcmple                         0x08000879   Thumb Code    20  cfrcmple.o(.text)
    __aeabi_llsl                             0x0800088d   Thumb Code    30  llshl.o(.text)
    _ll_shift_l                              0x0800088d   Thumb Code     0  llshl.o(.text)
    __aeabi_lasr                             0x080008ab   Thumb Code    36  llsshr.o(.text)
    _ll_sshift_r                             0x080008ab   Thumb Code     0  llsshr.o(.text)
    __I$use$fp                               0x080008cf   Thumb Code     0  iusefp.o(.text)
    _float_round                             0x080008cf   Thumb Code    18  fepilogue.o(.text)
    _float_epilogue                          0x080008e1   Thumb Code    92  fepilogue.o(.text)
    _double_round                            0x0800093d   Thumb Code    30  depilogue.o(.text)
    _double_epilogue                         0x0800095b   Thumb Code   156  depilogue.o(.text)
    __ARM_scalbn                             0x080009f7   Thumb Code    46  dscalb.o(.text)
    scalbn                                   0x080009f7   Thumb Code     0  dscalb.o(.text)
    _dsqrt                                   0x08000a25   Thumb Code   162  dsqrt.o(.text)
    __aeabi_cdrcmple                         0x08000ac9   Thumb Code    48  cdrcmple.o(.text)
    __scatterload                            0x08000af9   Thumb Code    28  init.o(.text)
    __scatterload_rt2                        0x08000af9   Thumb Code     0  init.o(.text)
    Ascii2Hex                                0x08000b1d   Thumb Code   110  app_tool.o(i.Ascii2Hex)
    BusFault_Handler                         0x08000b8b   Thumb Code     4  stm32f1xx_it.o(i.BusFault_Handler)
    Check_Protocol_YDT                       0x08000b9d   Thumb Code   274  app_protocol_ydt1363.o(i.Check_Protocol_YDT)
    Check_Storage_Save_Task                  0x08000ced   Thumb Code    30  app_storage.o(i.Check_Storage_Save_Task)
    Check_Sum                                0x08000d11   Thumb Code    30  app_tool.o(i.Check_Sum)
    Check_Sum_Len                            0x08000d2f   Thumb Code    70  app_tool.o(i.Check_Sum_Len)
    DMA1_Channel2_IRQHandler                 0x08000d85   Thumb Code    10  stm32f1xx_it.o(i.DMA1_Channel2_IRQHandler)
    DMA1_Channel3_IRQHandler                 0x08000d95   Thumb Code    10  stm32f1xx_it.o(i.DMA1_Channel3_IRQHandler)
    DMA1_Channel4_IRQHandler                 0x08000da5   Thumb Code    10  stm32f1xx_it.o(i.DMA1_Channel4_IRQHandler)
    DMA1_Channel5_IRQHandler                 0x08000db5   Thumb Code    10  stm32f1xx_it.o(i.DMA1_Channel5_IRQHandler)
    DMA1_Channel6_IRQHandler                 0x08000dc5   Thumb Code    10  stm32f1xx_it.o(i.DMA1_Channel6_IRQHandler)
    DMA1_Channel7_IRQHandler                 0x08000dd5   Thumb Code    10  stm32f1xx_it.o(i.DMA1_Channel7_IRQHandler)
    DebugMon_Handler                         0x08000e11   Thumb Code     2  stm32f1xx_it.o(i.DebugMon_Handler)
    Error_Handler                            0x08000e13   Thumb Code     6  main.o(i.Error_Handler)
    Float_To_DataBuf                         0x08000e19   Thumb Code   130  app_tool.o(i.Float_To_DataBuf)
    Get_RN8209_Main_State                    0x08000ea1   Thumb Code     6  rn8209_main.o(i.Get_RN8209_Main_State)
    HAL_DMA_Abort                            0x08000ead   Thumb Code    86  stm32f1xx_hal_dma.o(i.HAL_DMA_Abort)
    HAL_DMA_Abort_IT                         0x08000f05   Thumb Code   414  stm32f1xx_hal_dma.o(i.HAL_DMA_Abort_IT)
    HAL_DMA_IRQHandler                       0x080010ad   Thumb Code   910  stm32f1xx_hal_dma.o(i.HAL_DMA_IRQHandler)
    HAL_DMA_Init                             0x08001445   Thumb Code   132  stm32f1xx_hal_dma.o(i.HAL_DMA_Init)
    HAL_DMA_Start_IT                         0x080014d1   Thumb Code   156  stm32f1xx_hal_dma.o(i.HAL_DMA_Start_IT)
    HAL_Delay                                0x0800156d   Thumb Code    36  stm32f1xx_hal.o(i.HAL_Delay)
    HAL_GPIO_Init                            0x08001595   Thumb Code   792  stm32f1xx_hal_gpio.o(i.HAL_GPIO_Init)
    HAL_GPIO_TogglePin                       0x080018d5   Thumb Code    20  stm32f1xx_hal_gpio.o(i.HAL_GPIO_TogglePin)
    HAL_GPIO_WritePin                        0x080018e9   Thumb Code    12  stm32f1xx_hal_gpio.o(i.HAL_GPIO_WritePin)
    HAL_GetTick                              0x080018f5   Thumb Code     6  stm32f1xx_hal.o(i.HAL_GetTick)
    HAL_IncTick                              0x08001901   Thumb Code    16  stm32f1xx_hal.o(i.HAL_IncTick)
    HAL_Init                                 0x08001919   Thumb Code    34  stm32f1xx_hal.o(i.HAL_Init)
    HAL_InitTick                             0x08001941   Thumb Code    64  stm32f1xx_hal.o(i.HAL_InitTick)
    HAL_MspInit                              0x0800198d   Thumb Code    76  stm32f1xx_hal_msp.o(i.HAL_MspInit)
    HAL_NVIC_EnableIRQ                       0x080019e1   Thumb Code    32  stm32f1xx_hal_cortex.o(i.HAL_NVIC_EnableIRQ)
    HAL_NVIC_SetPriority                     0x08001a01   Thumb Code   124  stm32f1xx_hal_cortex.o(i.HAL_NVIC_SetPriority)
    HAL_NVIC_SetPriorityGrouping             0x08001a7d   Thumb Code    32  stm32f1xx_hal_cortex.o(i.HAL_NVIC_SetPriorityGrouping)
    HAL_RCC_ClockConfig                      0x08001aa5   Thumb Code   376  stm32f1xx_hal_rcc.o(i.HAL_RCC_ClockConfig)
    HAL_RCC_GetHCLKFreq                      0x08001c31   Thumb Code     6  stm32f1xx_hal_rcc.o(i.HAL_RCC_GetHCLKFreq)
    HAL_RCC_GetPCLK1Freq                     0x08001c3d   Thumb Code    22  stm32f1xx_hal_rcc.o(i.HAL_RCC_GetPCLK1Freq)
    HAL_RCC_GetPCLK2Freq                     0x08001c5d   Thumb Code    22  stm32f1xx_hal_rcc.o(i.HAL_RCC_GetPCLK2Freq)
    HAL_RCC_GetSysClockFreq                  0x08001c7d   Thumb Code   116  stm32f1xx_hal_rcc.o(i.HAL_RCC_GetSysClockFreq)
    HAL_RCC_OscConfig                        0x08001d11   Thumb Code  1114  stm32f1xx_hal_rcc.o(i.HAL_RCC_OscConfig)
    HAL_SPI_Init                             0x08002175   Thumb Code   190  stm32f1xx_hal_spi.o(i.HAL_SPI_Init)
    HAL_SPI_MspInit                          0x08002235   Thumb Code   124  spi.o(i.HAL_SPI_MspInit)
    HAL_SPI_TransmitReceive                  0x080022bd   Thumb Code   554  stm32f1xx_hal_spi.o(i.HAL_SPI_TransmitReceive)
    HAL_SYSTICK_Config                       0x080024e7   Thumb Code    52  stm32f1xx_hal_cortex.o(i.HAL_SYSTICK_Config)
    HAL_UARTEx_ReceiveToIdle_DMA             0x0800251b   Thumb Code   114  stm32f1xx_hal_uart.o(i.HAL_UARTEx_ReceiveToIdle_DMA)
    HAL_UARTEx_RxEventCallback               0x0800258d   Thumb Code    86  usart.o(i.HAL_UARTEx_RxEventCallback)
    HAL_UART_ErrorCallback                   0x080025fd   Thumb Code    70  usart.o(i.HAL_UART_ErrorCallback)
    HAL_UART_IRQHandler                      0x0800265d   Thumb Code   582  stm32f1xx_hal_uart.o(i.HAL_UART_IRQHandler)
    HAL_UART_Init                            0x080028a9   Thumb Code   114  stm32f1xx_hal_uart.o(i.HAL_UART_Init)
    HAL_UART_MspInit                         0x0800291d   Thumb Code   692  usart.o(i.HAL_UART_MspInit)
    HAL_UART_RxCpltCallback                  0x08002c05   Thumb Code     2  stm32f1xx_hal_uart.o(i.HAL_UART_RxCpltCallback)
    HAL_UART_RxHalfCpltCallback              0x08002c07   Thumb Code     2  stm32f1xx_hal_uart.o(i.HAL_UART_RxHalfCpltCallback)
    HAL_UART_Transmit_DMA                    0x08002c09   Thumb Code   142  stm32f1xx_hal_uart.o(i.HAL_UART_Transmit_DMA)
    HAL_UART_TxCpltCallback                  0x08002ca5   Thumb Code     2  stm32f1xx_hal_uart.o(i.HAL_UART_TxCpltCallback)
    HAL_UART_TxHalfCpltCallback              0x08002ca7   Thumb Code     2  stm32f1xx_hal_uart.o(i.HAL_UART_TxHalfCpltCallback)
    HardFault_Handler                        0x08002ca9   Thumb Code     4  stm32f1xx_it.o(i.HardFault_Handler)
    Hex2Ascii                                0x08002cad   Thumb Code    74  app_tool.o(i.Hex2Ascii)
    If_Protocol_YDT                          0x08002e09   Thumb Code    32  app_protocol_ydt1363.o(i.If_Protocol_YDT)
    Init_Led_Variables                       0x08002e99   Thumb Code    20  app_led.o(i.Init_Led_Variables)
    Init_Storage_RN8209_Info                 0x08002f01   Thumb Code    18  app_storage_rn8209.o(i.Init_Storage_RN8209_Info)
    Init_Storage_RN8209_Variables            0x08002f1d   Thumb Code    12  app_storage_rn8209.o(i.Init_Storage_RN8209_Variables)
    Init_Storage_Variables                   0x08002f2d   Thumb Code    16  app_storage.o(i.Init_Storage_Variables)
    Init_Test_Variables                      0x08002f41   Thumb Code    12  app_test.o(i.Init_Test_Variables)
    Init_Uart_Variables                      0x08002f51   Thumb Code   118  usart.o(i.Init_Uart_Variables)
    Init_Variables                           0x08002fed   Thumb Code    20  app_init_variables.o(i.Init_Variables)
    Invert_Check_Sum                         0x08003001   Thumb Code    26  app_tool.o(i.Invert_Check_Sum)
    LED_Handler                              0x080030ed   Thumb Code   108  app_led.o(i.LED_Handler)
    Load_Storage_RN8209                      0x0800315d   Thumb Code    22  app_storage_rn8209.o(i.Load_Storage_RN8209)
    MX_DMA_Init                              0x08003175   Thumb Code   128  dma.o(i.MX_DMA_Init)
    MX_GPIO_Init                             0x080031f9   Thumb Code   178  gpio.o(i.MX_GPIO_Init)
    MX_SPI2_Init                             0x080032b9   Thumb Code    60  spi.o(i.MX_SPI2_Init)
    MX_USART1_UART_Init                      0x080032fd   Thumb Code    58  usart.o(i.MX_USART1_UART_Init)
    MX_USART2_UART_Init                      0x08003345   Thumb Code    58  usart.o(i.MX_USART2_UART_Init)
    MX_USART3_UART_Init                      0x0800338d   Thumb Code    66  usart.o(i.MX_USART3_UART_Init)
    MemManage_Handler                        0x080033dd   Thumb Code     4  stm32f1xx_it.o(i.MemManage_Handler)
    NMI_Handler                              0x080033e1   Thumb Code     4  stm32f1xx_it.o(i.NMI_Handler)
    Pack_Protocol_YDT                        0x08003407   Thumb Code   334  app_protocol_ydt1363.o(i.Pack_Protocol_YDT)
    Pack_Sum_Len                             0x08003555   Thumb Code    54  app_tool.o(i.Pack_Sum_Len)
    Parse_Responder_ydt                      0x08003765   Thumb Code   180  app_responder_ydt.o(i.Parse_Responder_ydt)
    PendSV_Handler                           0x0800381d   Thumb Code     2  stm32f1xx_it.o(i.PendSV_Handler)
    RN8209_Calibrate_Gain_Handler            0x08003d31   Thumb Code   102  rn8209_calibrate_gain.o(i.RN8209_Calibrate_Gain_Handler)
    RN8209_Calibrate_Gain_Set_Type           0x08003de5   Thumb Code    14  rn8209_calibrate_gain.o(i.RN8209_Calibrate_Gain_Set_Type)
    RN8209_Calibrate_Offset_Handler          0x08003df9   Thumb Code    80  rn8209_calibrate_offset.o(i.RN8209_Calibrate_Offset_Handler)
    RN8209_Calibrate_Offset_Set_Type         0x08003ea1   Thumb Code    14  rn8209_calibrate_offset.o(i.RN8209_Calibrate_Offset_Set_Type)
    RN8209_Calibrate_Zero_Handler            0x080040ed   Thumb Code   148  rn8209_calibrate_zero.o(i.RN8209_Calibrate_Zero_Handler)
    RN8209_Handler                           0x0800422d   Thumb Code    86  rn8209_main.o(i.RN8209_Handler)
    RN8209_Init                              0x08004289   Thumb Code    94  rn8209_func.o(i.RN8209_Init)
    RN8209_Init_Calibrate_Gain_State         0x080042ed   Thumb Code     8  rn8209_calibrate_gain.o(i.RN8209_Init_Calibrate_Gain_State)
    RN8209_Init_Calibrate_Offset_State       0x080042f9   Thumb Code     8  rn8209_calibrate_offset.o(i.RN8209_Init_Calibrate_Offset_State)
    RN8209_Init_Calibrate_Zero_State         0x08004305   Thumb Code     8  rn8209_calibrate_zero.o(i.RN8209_Init_Calibrate_Zero_State)
    RN8209_Init_Ctl_Reg                      0x08004311   Thumb Code   124  rn8209_func.o(i.RN8209_Init_Ctl_Reg)
    RN8209_Init_Gain_Reg                     0x08004431   Thumb Code    72  rn8209_func.o(i.RN8209_Init_Gain_Reg)
    RN8209_Init_Offset_Reg                   0x080044bd   Thumb Code    72  rn8209_func.o(i.RN8209_Init_Offset_Reg)
    RN8209_Init_Variables                    0x0800455d   Thumb Code    18  rn8209_func.o(i.RN8209_Init_Variables)
    RN8209_Init_Zero_Reg                     0x08004575   Thumb Code   116  rn8209_func.o(i.RN8209_Init_Zero_Reg)
    RN8209_Init_Zero_Reg_1                   0x080045f1   Thumb Code    72  rn8209_func.o(i.RN8209_Init_Zero_Reg_1)
    RN8209_Read                              0x08004641   Thumb Code   896  rn8209_read.o(i.RN8209_Read)
    RN8209_Read_Reg_Swap                     0x08004a79   Thumb Code    12  rn8209_drv.o(i.RN8209_Read_Reg_Swap)
    RN8209_Reset                             0x08004a85   Thumb Code    38  rn8209_func.o(i.RN8209_Reset)
    RN8209_Write_Reg_Swap                    0x08004b41   Thumb Code    44  rn8209_drv.o(i.RN8209_Write_Reg_Swap)
    Reset_Tick                               0x08004b6d   Thumb Code    12  app_global.o(i.Reset_Tick)
    SVC_Handler                              0x08004c79   Thumb Code     2  stm32f1xx_it.o(i.SVC_Handler)
    Send_Data                                0x08004c7d   Thumb Code    84  app_uart_rcv.o(i.Send_Data)
    Set_LED                                  0x08004ce1   Thumb Code     8  app_led.o(i.Set_LED)
    Set_RN8209_Main_Func                     0x08004d49   Thumb Code    54  rn8209_main.o(i.Set_RN8209_Main_Func)
    Storage_Check_Main_Area                  0x08004f51   Thumb Code   190  app_storage_drv.o(i.Storage_Check_Main_Area)
    Storage_Handler                          0x08005041   Thumb Code    12  app_storage.o(i.Storage_Handler)
    Storage_Init                             0x0800504d   Thumb Code    12  app_storage.o(i.Storage_Init)
    Storage_Set_NeedSave_Flag                0x08005091   Thumb Code    18  app_storage.o(i.Storage_Set_NeedSave_Flag)
    Storage_Write_Data_To_Flash              0x080050a9   Thumb Code   160  app_storage_drv.o(i.Storage_Write_Data_To_Flash)
    Swap_Buf                                 0x0800514d   Thumb Code    28  app_tool.o(i.Swap_Buf)
    SysTick_Handler                          0x08005169   Thumb Code     8  stm32f1xx_it.o(i.SysTick_Handler)
    SystemClock_Config                       0x08005171   Thumb Code   102  main.o(i.SystemClock_Config)
    SystemInit                               0x080051d7   Thumb Code     2  system_stm32f1xx.o(i.SystemInit)
    Tick_Timeout                             0x080051d9   Thumb Code    32  app_global.o(i.Tick_Timeout)
    UART_Start_Receive_DMA                   0x08005575   Thumb Code   138  stm32f1xx_hal_uart.o(i.UART_Start_Receive_DMA)
    USART1_IRQHandler                        0x0800566d   Thumb Code    10  stm32f1xx_it.o(i.USART1_IRQHandler)
    USART2_IRQHandler                        0x0800567d   Thumb Code    10  stm32f1xx_it.o(i.USART2_IRQHandler)
    USART3_IRQHandler                        0x0800568d   Thumb Code    10  stm32f1xx_it.o(i.USART3_IRQHandler)
    Uart_Handler                             0x0800569d   Thumb Code    66  app_uart_rcv.o(i.Uart_Handler)
    UsageFault_Handler                       0x080056e5   Thumb Code     4  stm32f1xx_it.o(i.UsageFault_Handler)
    W25qxx_Erase_Sector                      0x08005701   Thumb Code    58  app_w25qxx.o(i.W25qxx_Erase_Sector)
    W25qxx_Init                              0x0800575d   Thumb Code    12  app_w25qxx.o(i.W25qxx_Init)
    W25qxx_Read                              0x08005789   Thumb Code    56  app_w25qxx.o(i.W25qxx_Read)
    W25qxx_Write                             0x080058a1   Thumb Code   198  app_w25qxx.o(i.W25qxx_Write)
    __ARM_fpclassify                         0x08005a65   Thumb Code    40  fpclassify.o(i.__ARM_fpclassify)
    __kernel_poly                            0x08005ac5   Thumb Code   170  poly.o(i.__kernel_poly)
    __mathlib_dbl_divzero                    0x08005b71   Thumb Code    12  dunder.o(i.__mathlib_dbl_divzero)
    __mathlib_dbl_infnan2                    0x08005b81   Thumb Code     4  dunder.o(i.__mathlib_dbl_infnan2)
    __mathlib_dbl_invalid                    0x08005b85   Thumb Code    12  dunder.o(i.__mathlib_dbl_invalid)
    __mathlib_dbl_overflow                   0x08005b91   Thumb Code    14  dunder.o(i.__mathlib_dbl_overflow)
    __mathlib_dbl_underflow                  0x08005ba1   Thumb Code    10  dunder.o(i.__mathlib_dbl_underflow)
    __scatterload_copy                       0x08005bb1   Thumb Code    14  handlers.o(i.__scatterload_copy)
    __scatterload_null                       0x08005bbf   Thumb Code     2  handlers.o(i.__scatterload_null)
    __scatterload_zeroinit                   0x08005bc1   Thumb Code    14  handlers.o(i.__scatterload_zeroinit)
    __set_errno                              0x08005bd1   Thumb Code     6  errno.o(i.__set_errno)
    main                                     0x08005bdd   Thumb Code    68  main.o(i.main)
    pow                                      0x08005c21   Thumb Code  2512  pow.o(i.pow)
    sqrt                                     0x080066cd   Thumb Code    76  sqrt.o(i.sqrt)
    AHBPrescTable                            0x08006718   Data          16  system_stm32f1xx.o(.constdata)
    APBPrescTable                            0x08006728   Data           8  system_stm32f1xx.o(.constdata)
    RN8209_SysCtl                            0x08006730   Data           5  rn8209_drv.o(.constdata)
    __mathlib_zero                           0x080067c0   Data           8  qnan.o(.constdata)
    Region$$Table$$Base                      0x080067c8   Number         0  anon$$obj.o(Region$$Table)
    Region$$Table$$Limit                     0x080067e8   Number         0  anon$$obj.o(Region$$Table)
    uwTick                                   0x20000000   Data           4  stm32f1xx_hal.o(.data)
    uwTickPrio                               0x20000004   Data           4  stm32f1xx_hal.o(.data)
    uwTickFreq                               0x20000008   Data           1  stm32f1xx_hal.o(.data)
    SystemCoreClock                          0x2000000c   Data           4  system_stm32f1xx.o(.data)
    RN8209_CheckSum                          0x20000010   Data           2  rn8209_drv.o(.data)
    YDT_DataLen                              0x20000038   Data           2  app_protocol_ydt1363.o(.data)
    hspi2                                    0x20000048   Data          88  spi.o(.bss)
    huart1                                   0x200000a0   Data          68  usart.o(.bss)
    huart2                                   0x200000e4   Data          68  usart.o(.bss)
    huart3                                   0x20000128   Data          68  usart.o(.bss)
    hdma_usart1_rx                           0x2000016c   Data          68  usart.o(.bss)
    hdma_usart1_tx                           0x200001b0   Data          68  usart.o(.bss)
    hdma_usart2_rx                           0x200001f4   Data          68  usart.o(.bss)
    hdma_usart2_tx                           0x20000238   Data          68  usart.o(.bss)
    hdma_usart3_rx                           0x2000027c   Data          68  usart.o(.bss)
    hdma_usart3_tx                           0x200002c0   Data          68  usart.o(.bss)
    Uart1RxBuf                               0x20000304   Data         100  usart.o(.bss)
    Uart1TxBuf                               0x20000368   Data         100  usart.o(.bss)
    Uart2RxBuf                               0x200003cc   Data         100  usart.o(.bss)
    Uart2TxBuf                               0x20000430   Data         100  usart.o(.bss)
    Uart3RxBuf                               0x20000494   Data          10  usart.o(.bss)
    Uart3TxBuf                               0x2000049e   Data          10  usart.o(.bss)
    Uart1                                    0x200004a8   Data          16  usart.o(.bss)
    Uart2                                    0x200004b8   Data          16  usart.o(.bss)
    Uart3                                    0x200004c8   Data          16  usart.o(.bss)
    Test                                     0x200004d8   Data          12  app_test.o(.bss)
    RN8209_CtlReg                            0x200004e4   Data          46  rn8209_drv.o(.bss)
    RN8209_DataReg                           0x20000514   Data          68  rn8209_drv.o(.bss)
    RN8209_RegRcv                            0x20000558   Data         136  rn8209_drv.o(.bss)
    RN8209_AverageData                       0x200005e0   Data          68  rn8209_read.o(.bss)
    System                                   0x20000628   Data          48  rn8209_read.o(.bss)
    UartRcv                                  0x20000d84   Data          20  app_uart_rcv.o(.bss)
    W25qxxInfo                               0x20000dec   Data          12  app_w25qxx.o(.bss)
    Storage_RN8209                           0x20000df8   Data         160  app_storage_rn8209.o(.bss)
    __initial_sp                             0x200032b0   Data           0  startup_stm32f103xe.o(STACK)



==============================================================================

Memory Map of the image

  Image Entry point : 0x08000131

  Load Region LR_IROM1 (Base: 0x08000000, Size: 0x00006830, Max: 0x00040000, ABSOLUTE)

    Execution Region ER_IROM1 (Exec base: 0x08000000, Load base: 0x08000000, Size: 0x000067e8, Max: 0x00040000, ABSOLUTE)

    Exec Addr    Load Addr    Size         Type   Attr      Idx    E Section Name        Object

    0x08000000   0x08000000   0x00000130   Data   RO            3    RESET               startup_stm32f103xe.o
    0x08000130   0x08000130   0x00000000   Code   RO         3670  * .ARM.Collect$$$$00000000  mc_w.l(entry.o)
    0x08000130   0x08000130   0x00000004   Code   RO         3742    .ARM.Collect$$$$00000001  mc_w.l(entry2.o)
    0x08000134   0x08000134   0x00000004   Code   RO         3745    .ARM.Collect$$$$00000004  mc_w.l(entry5.o)
    0x08000138   0x08000138   0x00000000   Code   RO         3747    .ARM.Collect$$$$00000008  mc_w.l(entry7b.o)
    0x08000138   0x08000138   0x00000000   Code   RO         3749    .ARM.Collect$$$$0000000A  mc_w.l(entry8b.o)
    0x08000138   0x08000138   0x00000008   Code   RO         3750    .ARM.Collect$$$$0000000B  mc_w.l(entry9a.o)
    0x08000140   0x08000140   0x00000000   Code   RO         3752    .ARM.Collect$$$$0000000D  mc_w.l(entry10a.o)
    0x08000140   0x08000140   0x00000000   Code   RO         3754    .ARM.Collect$$$$0000000F  mc_w.l(entry11a.o)
    0x08000140   0x08000140   0x00000004   Code   RO         3743    .ARM.Collect$$$$00002712  mc_w.l(entry2.o)
    0x08000144   0x08000144   0x00000024   Code   RO            4    .text               startup_stm32f103xe.o
    0x08000168   0x08000168   0x00000062   Code   RO         3673    .text               mc_w.l(uldiv.o)
    0x080001ca   0x080001ca   0x00000062   Code   RO         3675    .text               mc_w.l(ldiv.o)
    0x0800022c   0x0800022c   0x00000020   Code   RO         3677    .text               mc_w.l(llushr.o)
    0x0800024c   0x0800024c   0x0000000c   Code   RO         3679    .text               mc_w.l(toupper.o)
    0x08000258   0x08000258   0x00000024   Code   RO         3681    .text               mc_w.l(memcpya.o)
    0x0800027c   0x0800027c   0x00000024   Code   RO         3683    .text               mc_w.l(memseta.o)
    0x080002a0   0x080002a0   0x000000b0   Code   RO         3687    .text               mf_w.l(fadd.o)
    0x08000350   0x08000350   0x00000064   Code   RO         3689    .text               mf_w.l(fmul.o)
    0x080003b4   0x080003b4   0x0000007c   Code   RO         3691    .text               mf_w.l(fdiv.o)
    0x08000430   0x08000430   0x0000014e   Code   RO         3693    .text               mf_w.l(dadd.o)
    0x0800057e   0x0800057e   0x000000e4   Code   RO         3695    .text               mf_w.l(dmul.o)
    0x08000662   0x08000662   0x000000de   Code   RO         3697    .text               mf_w.l(ddiv.o)
    0x08000740   0x08000740   0x0000000a   Code   RO         3701    .text               mf_w.l(ffltui.o)
    0x0800074a   0x0800074a   0x00000022   Code   RO         3703    .text               mf_w.l(dflti.o)
    0x0800076c   0x0800076c   0x0000001a   Code   RO         3705    .text               mf_w.l(dfltui.o)
    0x08000786   0x08000786   0x00000018   Code   RO         3707    .text               mf_w.l(dfltul.o)
    0x0800079e   0x0800079e   0x00000032   Code   RO         3709    .text               mf_w.l(ffixi.o)
    0x080007d0   0x080007d0   0x00000028   Code   RO         3711    .text               mf_w.l(ffixui.o)
    0x080007f8   0x080007f8   0x00000032   Code   RO         3713    .text               mf_w.l(dfixui.o)
    0x0800082a   0x0800082a   0x00000038   Code   RO         3717    .text               mf_w.l(d2f.o)
    0x08000862   0x08000862   0x00000002   PAD
    0x08000864   0x08000864   0x00000014   Code   RO         3719    .text               mf_w.l(cfcmple.o)
    0x08000878   0x08000878   0x00000014   Code   RO         3721    .text               mf_w.l(cfrcmple.o)
    0x0800088c   0x0800088c   0x0000001e   Code   RO         3756    .text               mc_w.l(llshl.o)
    0x080008aa   0x080008aa   0x00000024   Code   RO         3758    .text               mc_w.l(llsshr.o)
    0x080008ce   0x080008ce   0x00000000   Code   RO         3767    .text               mc_w.l(iusefp.o)
    0x080008ce   0x080008ce   0x0000006e   Code   RO         3768    .text               mf_w.l(fepilogue.o)
    0x0800093c   0x0800093c   0x000000ba   Code   RO         3770    .text               mf_w.l(depilogue.o)
    0x080009f6   0x080009f6   0x0000002e   Code   RO         3772    .text               mf_w.l(dscalb.o)
    0x08000a24   0x08000a24   0x000000a2   Code   RO         3774    .text               mf_w.l(dsqrt.o)
    0x08000ac6   0x08000ac6   0x00000002   PAD
    0x08000ac8   0x08000ac8   0x00000030   Code   RO         3778    .text               mf_w.l(cdrcmple.o)
    0x08000af8   0x08000af8   0x00000024   Code   RO         3780    .text               mc_w.l(init.o)
    0x08000b1c   0x08000b1c   0x0000006e   Code   RO         2574    i.Ascii2Hex         app_tool.o
    0x08000b8a   0x08000b8a   0x00000004   Code   RO          390    i.BusFault_Handler  stm32f1xx_it.o
    0x08000b8e   0x08000b8e   0x0000000e   Code   RO         3244    i.Check_Package     app_uart_rcv.o
    0x08000b9c   0x08000b9c   0x0000011c   Code   RO         3135    i.Check_Protocol_YDT  app_protocol_ydt1363.o
    0x08000cb8   0x08000cb8   0x00000024   Code   RO         3293    i.Check_Storage_Clear_Task  app_storage.o
    0x08000cdc   0x08000cdc   0x0000000e   Code   RO         3552    i.Check_Storage_RN8209_Value  app_storage_rn8209.o
    0x08000cea   0x08000cea   0x00000002   PAD
    0x08000cec   0x08000cec   0x00000024   Code   RO         3294    i.Check_Storage_Save_Task  app_storage.o
    0x08000d10   0x08000d10   0x0000001e   Code   RO         2580    i.Check_Sum         app_tool.o
    0x08000d2e   0x08000d2e   0x00000046   Code   RO         2581    i.Check_Sum_Len     app_tool.o
    0x08000d74   0x08000d74   0x00000010   Code   RO         3136    i.Check_Sum_YDT     app_protocol_ydt1363.o
    0x08000d84   0x08000d84   0x00000010   Code   RO          391    i.DMA1_Channel2_IRQHandler  stm32f1xx_it.o
    0x08000d94   0x08000d94   0x00000010   Code   RO          392    i.DMA1_Channel3_IRQHandler  stm32f1xx_it.o
    0x08000da4   0x08000da4   0x00000010   Code   RO          393    i.DMA1_Channel4_IRQHandler  stm32f1xx_it.o
    0x08000db4   0x08000db4   0x00000010   Code   RO          394    i.DMA1_Channel5_IRQHandler  stm32f1xx_it.o
    0x08000dc4   0x08000dc4   0x00000010   Code   RO          395    i.DMA1_Channel6_IRQHandler  stm32f1xx_it.o
    0x08000dd4   0x08000dd4   0x00000010   Code   RO          396    i.DMA1_Channel7_IRQHandler  stm32f1xx_it.o
    0x08000de4   0x08000de4   0x0000002c   Code   RO          993    i.DMA_SetConfig     stm32f1xx_hal_dma.o
    0x08000e10   0x08000e10   0x00000002   Code   RO          397    i.DebugMon_Handler  stm32f1xx_it.o
    0x08000e12   0x08000e12   0x00000006   Code   RO           13    i.Error_Handler     main.o
    0x08000e18   0x08000e18   0x00000088   Code   RO         2583    i.Float_To_DataBuf  app_tool.o
    0x08000ea0   0x08000ea0   0x0000000c   Code   RO         2905    i.Get_RN8209_Main_State  rn8209_main.o
    0x08000eac   0x08000eac   0x00000056   Code   RO          994    i.HAL_DMA_Abort     stm32f1xx_hal_dma.o
    0x08000f02   0x08000f02   0x00000002   PAD
    0x08000f04   0x08000f04   0x000001a8   Code   RO          995    i.HAL_DMA_Abort_IT  stm32f1xx_hal_dma.o
    0x080010ac   0x080010ac   0x00000398   Code   RO          999    i.HAL_DMA_IRQHandler  stm32f1xx_hal_dma.o
    0x08001444   0x08001444   0x0000008c   Code   RO         1000    i.HAL_DMA_Init      stm32f1xx_hal_dma.o
    0x080014d0   0x080014d0   0x0000009c   Code   RO         1004    i.HAL_DMA_Start_IT  stm32f1xx_hal_dma.o
    0x0800156c   0x0800156c   0x00000028   Code   RO          617    i.HAL_Delay         stm32f1xx_hal.o
    0x08001594   0x08001594   0x00000340   Code   RO          930    i.HAL_GPIO_Init     stm32f1xx_hal_gpio.o
    0x080018d4   0x080018d4   0x00000014   Code   RO          933    i.HAL_GPIO_TogglePin  stm32f1xx_hal_gpio.o
    0x080018e8   0x080018e8   0x0000000c   Code   RO          934    i.HAL_GPIO_WritePin  stm32f1xx_hal_gpio.o
    0x080018f4   0x080018f4   0x0000000c   Code   RO          621    i.HAL_GetTick       stm32f1xx_hal.o
    0x08001900   0x08001900   0x00000018   Code   RO          627    i.HAL_IncTick       stm32f1xx_hal.o
    0x08001918   0x08001918   0x00000028   Code   RO          628    i.HAL_Init          stm32f1xx_hal.o
    0x08001940   0x08001940   0x0000004c   Code   RO          629    i.HAL_InitTick      stm32f1xx_hal.o
    0x0800198c   0x0800198c   0x00000054   Code   RO          520    i.HAL_MspInit       stm32f1xx_hal_msp.o
    0x080019e0   0x080019e0   0x00000020   Code   RO         1090    i.HAL_NVIC_EnableIRQ  stm32f1xx_hal_cortex.o
    0x08001a00   0x08001a00   0x0000007c   Code   RO         1096    i.HAL_NVIC_SetPriority  stm32f1xx_hal_cortex.o
    0x08001a7c   0x08001a7c   0x00000028   Code   RO         1097    i.HAL_NVIC_SetPriorityGrouping  stm32f1xx_hal_cortex.o
    0x08001aa4   0x08001aa4   0x0000018c   Code   RO          785    i.HAL_RCC_ClockConfig  stm32f1xx_hal_rcc.o
    0x08001c30   0x08001c30   0x0000000c   Code   RO          790    i.HAL_RCC_GetHCLKFreq  stm32f1xx_hal_rcc.o
    0x08001c3c   0x08001c3c   0x00000020   Code   RO          792    i.HAL_RCC_GetPCLK1Freq  stm32f1xx_hal_rcc.o
    0x08001c5c   0x08001c5c   0x00000020   Code   RO          793    i.HAL_RCC_GetPCLK2Freq  stm32f1xx_hal_rcc.o
    0x08001c7c   0x08001c7c   0x00000094   Code   RO          794    i.HAL_RCC_GetSysClockFreq  stm32f1xx_hal_rcc.o
    0x08001d10   0x08001d10   0x00000464   Code   RO          797    i.HAL_RCC_OscConfig  stm32f1xx_hal_rcc.o
    0x08002174   0x08002174   0x000000be   Code   RO         1627    i.HAL_SPI_Init      stm32f1xx_hal_spi.o
    0x08002232   0x08002232   0x00000002   PAD
    0x08002234   0x08002234   0x00000088   Code   RO          274    i.HAL_SPI_MspInit   spi.o
    0x080022bc   0x080022bc   0x0000022a   Code   RO         1636    i.HAL_SPI_TransmitReceive  stm32f1xx_hal_spi.o
    0x080024e6   0x080024e6   0x00000034   Code   RO         1101    i.HAL_SYSTICK_Config  stm32f1xx_hal_cortex.o
    0x0800251a   0x0800251a   0x00000072   Code   RO         1983    i.HAL_UARTEx_ReceiveToIdle_DMA  stm32f1xx_hal_uart.o
    0x0800258c   0x0800258c   0x00000070   Code   RO          315    i.HAL_UARTEx_RxEventCallback  usart.o
    0x080025fc   0x080025fc   0x00000060   Code   RO          316    i.HAL_UART_ErrorCallback  usart.o
    0x0800265c   0x0800265c   0x0000024c   Code   RO         2002    i.HAL_UART_IRQHandler  stm32f1xx_hal_uart.o
    0x080028a8   0x080028a8   0x00000072   Code   RO         2003    i.HAL_UART_Init     stm32f1xx_hal_uart.o
    0x0800291a   0x0800291a   0x00000002   PAD
    0x0800291c   0x0800291c   0x000002e8   Code   RO          318    i.HAL_UART_MspInit  usart.o
    0x08002c04   0x08002c04   0x00000002   Code   RO         2009    i.HAL_UART_RxCpltCallback  stm32f1xx_hal_uart.o
    0x08002c06   0x08002c06   0x00000002   Code   RO         2010    i.HAL_UART_RxHalfCpltCallback  stm32f1xx_hal_uart.o
    0x08002c08   0x08002c08   0x0000009c   Code   RO         2012    i.HAL_UART_Transmit_DMA  stm32f1xx_hal_uart.o
    0x08002ca4   0x08002ca4   0x00000002   Code   RO         2014    i.HAL_UART_TxCpltCallback  stm32f1xx_hal_uart.o
    0x08002ca6   0x08002ca6   0x00000002   Code   RO         2015    i.HAL_UART_TxHalfCpltCallback  stm32f1xx_hal_uart.o
    0x08002ca8   0x08002ca8   0x00000004   Code   RO          398    i.HardFault_Handler  stm32f1xx_it.o
    0x08002cac   0x08002cac   0x00000060   Code   RO         2584    i.Hex2Ascii         app_tool.o
    0x08002d0c   0x08002d0c   0x000000fa   Code   RO         2695    i.If_Found_Addr_Reg  rn8209_drv.o
    0x08002e06   0x08002e06   0x00000002   PAD
    0x08002e08   0x08002e08   0x00000024   Code   RO         3137    i.If_Protocol_YDT   app_protocol_ydt1363.o
    0x08002e2c   0x08002e2c   0x0000006c   Code   RO         3245    i.If_Receive_Data   app_uart_rcv.o
    0x08002e98   0x08002e98   0x00000018   Code   RO         3607    i.Init_Led_Variables  app_led.o
    0x08002eb0   0x08002eb0   0x00000028   Code   RO         3369    i.Init_Storage_Addr  app_storage_drv.o
    0x08002ed8   0x08002ed8   0x0000001e   Code   RO         3295    i.Init_Storage_Info  app_storage.o
    0x08002ef6   0x08002ef6   0x00000008   Code   RO         3553    i.Init_Storage_RN8209_Data  app_storage_rn8209.o
    0x08002efe   0x08002efe   0x00000002   PAD
    0x08002f00   0x08002f00   0x0000001c   Code   RO         3554    i.Init_Storage_RN8209_Info  app_storage_rn8209.o
    0x08002f1c   0x08002f1c   0x00000010   Code   RO         3555    i.Init_Storage_RN8209_Variables  app_storage_rn8209.o
    0x08002f2c   0x08002f2c   0x00000014   Code   RO         3296    i.Init_Storage_Variables  app_storage.o
    0x08002f40   0x08002f40   0x00000010   Code   RO         2528    i.Init_Test_Variables  app_test.o
    0x08002f50   0x08002f50   0x0000009c   Code   RO          319    i.Init_Uart_Variables  usart.o
    0x08002fec   0x08002fec   0x00000014   Code   RO         2378    i.Init_Variables    app_init_variables.o
    0x08003000   0x08003000   0x0000001a   Code   RO         2586    i.Invert_Check_Sum  app_tool.o
    0x0800301a   0x0800301a   0x00000002   PAD
    0x0800301c   0x0800301c   0x000000d0   Code   RO         3608    i.LED_Glow_Func     app_led.o
    0x080030ec   0x080030ec   0x00000070   Code   RO         3609    i.LED_Handler       app_led.o
    0x0800315c   0x0800315c   0x00000016   Code   RO         3556    i.Load_Storage_RN8209  app_storage_rn8209.o
    0x08003172   0x08003172   0x00000002   PAD
    0x08003174   0x08003174   0x00000084   Code   RO          219    i.MX_DMA_Init       dma.o
    0x080031f8   0x080031f8   0x000000c0   Code   RO          195    i.MX_GPIO_Init      gpio.o
    0x080032b8   0x080032b8   0x00000044   Code   RO          275    i.MX_SPI2_Init      spi.o
    0x080032fc   0x080032fc   0x00000048   Code   RO          320    i.MX_USART1_UART_Init  usart.o
    0x08003344   0x08003344   0x00000048   Code   RO          321    i.MX_USART2_UART_Init  usart.o
    0x0800338c   0x0800338c   0x00000050   Code   RO          322    i.MX_USART3_UART_Init  usart.o
    0x080033dc   0x080033dc   0x00000004   Code   RO          399    i.MemManage_Handler  stm32f1xx_it.o
    0x080033e0   0x080033e0   0x00000004   Code   RO          400    i.NMI_Handler       stm32f1xx_it.o
    0x080033e4   0x080033e4   0x00000022   Code   RO         3138    i.Pack_Hex_Buf      app_protocol_ydt1363.o
    0x08003406   0x08003406   0x0000014e   Code   RO         3139    i.Pack_Protocol_YDT  app_protocol_ydt1363.o
    0x08003554   0x08003554   0x00000036   Code   RO         2587    i.Pack_Sum_Len      app_tool.o
    0x0800358a   0x0800358a   0x00000002   PAD
    0x0800358c   0x0800358c   0x000001d8   Code   RO         3197    i.Parse_Responder_Cmd  app_responder_ydt.o
    0x08003764   0x08003764   0x000000b8   Code   RO         3198    i.Parse_Responder_ydt  app_responder_ydt.o
    0x0800381c   0x0800381c   0x00000002   Code   RO          401    i.PendSV_Handler    stm32f1xx_it.o
    0x0800381e   0x0800381e   0x00000002   PAD
    0x08003820   0x08003820   0x00000028   Code   RO          798    i.RCC_Delay         stm32f1xx_hal_rcc.o
    0x08003848   0x08003848   0x0000002c   Code   RO         3014    i.RN8209_Calibrate_Ch_A_Current_Gain  rn8209_calibrate_gain.o
    0x08003874   0x08003874   0x00000128   Code   RO         3015    i.RN8209_Calibrate_Ch_A_Power_Gain  rn8209_calibrate_gain.o
    0x0800399c   0x0800399c   0x00000120   Code   RO         3082    i.RN8209_Calibrate_Ch_A_Power_Offset  rn8209_calibrate_offset.o
    0x08003abc   0x08003abc   0x0000002c   Code   RO         3016    i.RN8209_Calibrate_Ch_B_Current_Gain  rn8209_calibrate_gain.o
    0x08003ae8   0x08003ae8   0x00000128   Code   RO         3017    i.RN8209_Calibrate_Ch_B_Power_Gain  rn8209_calibrate_gain.o
    0x08003c10   0x08003c10   0x00000120   Code   RO         3083    i.RN8209_Calibrate_Ch_B_Power_Offset  rn8209_calibrate_offset.o
    0x08003d30   0x08003d30   0x00000070   Code   RO         3018    i.RN8209_Calibrate_Gain_Handler  rn8209_calibrate_gain.o
    0x08003da0   0x08003da0   0x00000044   Code   RO         3019    i.RN8209_Calibrate_Gain_Init  rn8209_calibrate_gain.o
    0x08003de4   0x08003de4   0x00000014   Code   RO         3020    i.RN8209_Calibrate_Gain_Set_Type  rn8209_calibrate_gain.o
    0x08003df8   0x08003df8   0x00000058   Code   RO         3084    i.RN8209_Calibrate_Offset_Handler  rn8209_calibrate_offset.o
    0x08003e50   0x08003e50   0x00000050   Code   RO         3085    i.RN8209_Calibrate_Offset_Init  rn8209_calibrate_offset.o
    0x08003ea0   0x08003ea0   0x00000014   Code   RO         3086    i.RN8209_Calibrate_Offset_Set_Type  rn8209_calibrate_offset.o
    0x08003eb4   0x08003eb4   0x0000002c   Code   RO         3021    i.RN8209_Calibrate_Voltage_Gain  rn8209_calibrate_gain.o
    0x08003ee0   0x08003ee0   0x000000a0   Code   RO         2956    i.RN8209_Calibrate_Zero_CALC_DC_Offset  rn8209_calibrate_zero.o
    0x08003f80   0x08003f80   0x00000044   Code   RO         2957    i.RN8209_Calibrate_Zero_CALC_Effective_Offset  rn8209_calibrate_zero.o
    0x08003fc4   0x08003fc4   0x00000128   Code   RO         2958    i.RN8209_Calibrate_Zero_Check_DC_Offset  rn8209_calibrate_zero.o
    0x080040ec   0x080040ec   0x0000009c   Code   RO         2959    i.RN8209_Calibrate_Zero_Handler  rn8209_calibrate_zero.o
    0x08004188   0x08004188   0x00000028   Code   RO         2960    i.RN8209_Calibrate_Zero_Init  rn8209_calibrate_zero.o
    0x080041b0   0x080041b0   0x00000034   Code   RO         2961    i.RN8209_Calibrate_Zero_Init_1  rn8209_calibrate_zero.o
    0x080041e4   0x080041e4   0x00000046   Code   RO         2696    i.RN8209_Check_Reg_Pack  rn8209_drv.o
    0x0800422a   0x0800422a   0x00000002   PAD
    0x0800422c   0x0800422c   0x0000005c   Code   RO         2906    i.RN8209_Handler    rn8209_main.o
    0x08004288   0x08004288   0x00000064   Code   RO         2769    i.RN8209_Init       rn8209_func.o
    0x080042ec   0x080042ec   0x0000000c   Code   RO         3022    i.RN8209_Init_Calibrate_Gain_State  rn8209_calibrate_gain.o
    0x080042f8   0x080042f8   0x0000000c   Code   RO         3087    i.RN8209_Init_Calibrate_Offset_State  rn8209_calibrate_offset.o
    0x08004304   0x08004304   0x0000000c   Code   RO         2962    i.RN8209_Init_Calibrate_Zero_State  rn8209_calibrate_zero.o
    0x08004310   0x08004310   0x00000084   Code   RO         2770    i.RN8209_Init_Ctl_Reg  rn8209_func.o
    0x08004394   0x08004394   0x00000044   Code   RO         2771    i.RN8209_Init_Ctl_Reg_Variables  rn8209_func.o
    0x080043d8   0x080043d8   0x00000038   Code   RO         2772    i.RN8209_Init_Data_Reg  rn8209_func.o
    0x08004410   0x08004410   0x00000020   Code   RO         2773    i.RN8209_Init_Data_Reg_Variables  rn8209_func.o
    0x08004430   0x08004430   0x00000050   Code   RO         2774    i.RN8209_Init_Gain_Reg  rn8209_func.o
    0x08004480   0x08004480   0x0000003c   Code   RO         2775    i.RN8209_Init_IB_Gain_Reg  rn8209_func.o
    0x080044bc   0x080044bc   0x00000050   Code   RO         2776    i.RN8209_Init_Offset_Reg  rn8209_func.o
    0x0800450c   0x0800450c   0x00000050   Code   RO         2777    i.RN8209_Init_Power_Start_Reg  rn8209_func.o
    0x0800455c   0x0800455c   0x00000018   Code   RO         2778    i.RN8209_Init_Variables  rn8209_func.o
    0x08004574   0x08004574   0x0000007c   Code   RO         2779    i.RN8209_Init_Zero_Reg  rn8209_func.o
    0x080045f0   0x080045f0   0x00000050   Code   RO         2780    i.RN8209_Init_Zero_Reg_1  rn8209_func.o
    0x08004640   0x08004640   0x000003b4   Code   RO         2871    i.RN8209_Read       rn8209_read.o
    0x080049f4   0x080049f4   0x00000084   Code   RO         2697    i.RN8209_Read_Reg   rn8209_drv.o
    0x08004a78   0x08004a78   0x0000000c   Code   RO         2698    i.RN8209_Read_Reg_Swap  rn8209_drv.o
    0x08004a84   0x08004a84   0x0000002c   Code   RO         2781    i.RN8209_Reset      rn8209_func.o
    0x08004ab0   0x08004ab0   0x0000002c   Code   RO         2699    i.RN8209_Send       rn8209_drv.o
    0x08004adc   0x08004adc   0x00000064   Code   RO         2700    i.RN8209_Write_Reg  rn8209_drv.o
    0x08004b40   0x08004b40   0x0000002c   Code   RO         2701    i.RN8209_Write_Reg_Swap  rn8209_drv.o
    0x08004b6c   0x08004b6c   0x0000000c   Code   RO         2429    i.Reset_Tick        app_global.o
    0x08004b78   0x08004b78   0x00000028   Code   RO         1665    i.SPI_EndRxTxTransaction  stm32f1xx_hal_spi.o
    0x08004ba0   0x08004ba0   0x000000d8   Code   RO         1670    i.SPI_WaitFlagStateUntilTimeout  stm32f1xx_hal_spi.o
    0x08004c78   0x08004c78   0x00000002   Code   RO          402    i.SVC_Handler       stm32f1xx_it.o
    0x08004c7a   0x08004c7a   0x00000002   PAD
    0x08004c7c   0x08004c7c   0x00000064   Code   RO         3246    i.Send_Data         app_uart_rcv.o
    0x08004ce0   0x08004ce0   0x0000000c   Code   RO         3610    i.Set_LED           app_led.o
    0x08004cec   0x08004cec   0x0000005c   Code   RO         3611    i.Set_LED_Pin       app_led.o
    0x08004d48   0x08004d48   0x0000003c   Code   RO         2907    i.Set_RN8209_Main_Func  rn8209_main.o
    0x08004d84   0x08004d84   0x000000b8   Code   RO         3370    i.Storage_Check_Back_Area_1  app_storage_drv.o
    0x08004e3c   0x08004e3c   0x00000098   Code   RO         3371    i.Storage_Check_Back_Area_2  app_storage_drv.o
    0x08004ed4   0x08004ed4   0x0000007c   Code   RO         3372    i.Storage_Check_Back_Area_3  app_storage_drv.o
    0x08004f50   0x08004f50   0x000000c4   Code   RO         3373    i.Storage_Check_Main_Area  app_storage_drv.o
    0x08005014   0x08005014   0x0000002c   Code   RO         3297    i.Storage_Clear_Handler  app_storage.o
    0x08005040   0x08005040   0x0000000c   Code   RO         3298    i.Storage_Handler   app_storage.o
    0x0800504c   0x0800504c   0x0000000c   Code   RO         3299    i.Storage_Init      app_storage.o
    0x08005058   0x08005058   0x00000038   Code   RO         3300    i.Storage_Save_Handler  app_storage.o
    0x08005090   0x08005090   0x00000018   Code   RO         3302    i.Storage_Set_NeedSave_Flag  app_storage.o
    0x080050a8   0x080050a8   0x000000a4   Code   RO         3374    i.Storage_Write_Data_To_Flash  app_storage_drv.o
    0x0800514c   0x0800514c   0x0000001c   Code   RO         2588    i.Swap_Buf          app_tool.o
    0x08005168   0x08005168   0x00000008   Code   RO          403    i.SysTick_Handler   stm32f1xx_it.o
    0x08005170   0x08005170   0x00000066   Code   RO           14    i.SystemClock_Config  main.o
    0x080051d6   0x080051d6   0x00000002   Code   RO         2342    i.SystemInit        system_stm32f1xx.o
    0x080051d8   0x080051d8   0x00000020   Code   RO         2430    i.Tick_Timeout      app_global.o
    0x080051f8   0x080051f8   0x00000014   Code   RO         2016    i.UART_DMAAbortOnError  stm32f1xx_hal_uart.o
    0x0800520c   0x0800520c   0x00000050   Code   RO         2017    i.UART_DMAError     stm32f1xx_hal_uart.o
    0x0800525c   0x0800525c   0x00000068   Code   RO         2018    i.UART_DMAReceiveCplt  stm32f1xx_hal_uart.o
    0x080052c4   0x080052c4   0x00000020   Code   RO         2020    i.UART_DMARxHalfCplt  stm32f1xx_hal_uart.o
    0x080052e4   0x080052e4   0x00000036   Code   RO         2022    i.UART_DMATransmitCplt  stm32f1xx_hal_uart.o
    0x0800531a   0x0800531a   0x0000000e   Code   RO         2024    i.UART_DMATxHalfCplt  stm32f1xx_hal_uart.o
    0x08005328   0x08005328   0x00000036   Code   RO         2026    i.UART_EndRxTransfer  stm32f1xx_hal_uart.o
    0x0800535e   0x0800535e   0x00000020   Code   RO         2027    i.UART_EndTransmit_IT  stm32f1xx_hal_uart.o
    0x0800537e   0x0800537e   0x00000014   Code   RO         2028    i.UART_EndTxTransfer  stm32f1xx_hal_uart.o
    0x08005392   0x08005392   0x000000e4   Code   RO         2029    i.UART_Receive_IT   stm32f1xx_hal_uart.o
    0x08005476   0x08005476   0x00000002   PAD
    0x08005478   0x08005478   0x000000fc   Code   RO         2030    i.UART_SetConfig    stm32f1xx_hal_uart.o
    0x08005574   0x08005574   0x00000098   Code   RO         2031    i.UART_Start_Receive_DMA  stm32f1xx_hal_uart.o
    0x0800560c   0x0800560c   0x00000060   Code   RO         2033    i.UART_Transmit_IT  stm32f1xx_hal_uart.o
    0x0800566c   0x0800566c   0x00000010   Code   RO          404    i.USART1_IRQHandler  stm32f1xx_it.o
    0x0800567c   0x0800567c   0x00000010   Code   RO          405    i.USART2_IRQHandler  stm32f1xx_it.o
    0x0800568c   0x0800568c   0x00000010   Code   RO          406    i.USART3_IRQHandler  stm32f1xx_it.o
    0x0800569c   0x0800569c   0x00000048   Code   RO         3247    i.Uart_Handler      app_uart_rcv.o
    0x080056e4   0x080056e4   0x00000004   Code   RO          407    i.UsageFault_Handler  stm32f1xx_it.o
    0x080056e8   0x080056e8   0x00000018   Code   RO         3422    i.W25qxx_Check_Busy  app_w25qxx.o
    0x08005700   0x08005700   0x00000040   Code   RO         3424    i.W25qxx_Erase_Sector  app_w25qxx.o
    0x08005740   0x08005740   0x0000001c   Code   RO         3425    i.W25qxx_Get_Data   app_w25qxx.o
    0x0800575c   0x0800575c   0x0000000c   Code   RO         3426    i.W25qxx_Init       app_w25qxx.o
    0x08005768   0x08005768   0x00000020   Code   RO         3427    i.W25qxx_Init_Variables  app_w25qxx.o
    0x08005788   0x08005788   0x0000003c   Code   RO         3428    i.W25qxx_Read       app_w25qxx.o
    0x080057c4   0x080057c4   0x00000024   Code   RO         3429    i.W25qxx_ReadWrite_Byte  app_w25qxx.o
    0x080057e8   0x080057e8   0x00000038   Code   RO         3430    i.W25qxx_Read_Reg   app_w25qxx.o
    0x08005820   0x08005820   0x0000001c   Code   RO         3431    i.W25qxx_Send_Addr  app_w25qxx.o
    0x0800583c   0x0800583c   0x0000000c   Code   RO         3432    i.W25qxx_Send_Cmd   app_w25qxx.o
    0x08005848   0x08005848   0x0000001a   Code   RO         3433    i.W25qxx_Send_Data  app_w25qxx.o
    0x08005862   0x08005862   0x00000002   PAD
    0x08005864   0x08005864   0x0000003c   Code   RO         3435    i.W25qxx_Wait_Busy  app_w25qxx.o
    0x080058a0   0x080058a0   0x000000cc   Code   RO         3436    i.W25qxx_Write      app_w25qxx.o
    0x0800596c   0x0800596c   0x00000024   Code   RO         3438    i.W25qxx_Write_Enable  app_w25qxx.o
    0x08005990   0x08005990   0x00000064   Code   RO         3439    i.W25qxx_Write_Page  app_w25qxx.o
    0x080059f4   0x080059f4   0x00000070   Code   RO         3440    i.W25qxx_Write_Sector  app_w25qxx.o
    0x08005a64   0x08005a64   0x00000028   Code   RO         3737    i.__ARM_fpclassify  m_ws.l(fpclassify.o)
    0x08005a8c   0x08005a8c   0x00000010   Code   RO         1103    i.__NVIC_GetPriorityGrouping  stm32f1xx_hal_cortex.o
    0x08005a9c   0x08005a9c   0x00000028   Code   RO         1104    i.__NVIC_SetPriority  stm32f1xx_hal_cortex.o
    0x08005ac4   0x08005ac4   0x000000aa   Code   RO         3739    i.__kernel_poly     m_ws.l(poly.o)
    0x08005b6e   0x08005b6e   0x00000002   PAD
    0x08005b70   0x08005b70   0x00000010   Code   RO         3723    i.__mathlib_dbl_divzero  m_ws.l(dunder.o)
    0x08005b80   0x08005b80   0x00000004   Code   RO         3725    i.__mathlib_dbl_infnan2  m_ws.l(dunder.o)
    0x08005b84   0x08005b84   0x0000000c   Code   RO         3726    i.__mathlib_dbl_invalid  m_ws.l(dunder.o)
    0x08005b90   0x08005b90   0x0000000e   Code   RO         3727    i.__mathlib_dbl_overflow  m_ws.l(dunder.o)
    0x08005b9e   0x08005b9e   0x00000002   PAD
    0x08005ba0   0x08005ba0   0x00000010   Code   RO         3729    i.__mathlib_dbl_underflow  m_ws.l(dunder.o)
    0x08005bb0   0x08005bb0   0x0000000e   Code   RO         3784    i.__scatterload_copy  mc_w.l(handlers.o)
    0x08005bbe   0x08005bbe   0x00000002   Code   RO         3785    i.__scatterload_null  mc_w.l(handlers.o)
    0x08005bc0   0x08005bc0   0x0000000e   Code   RO         3786    i.__scatterload_zeroinit  mc_w.l(handlers.o)
    0x08005bce   0x08005bce   0x00000002   PAD
    0x08005bd0   0x08005bd0   0x0000000c   Code   RO         3762    i.__set_errno       mc_w.l(errno.o)
    0x08005bdc   0x08005bdc   0x00000044   Code   RO           15    i.main              main.o
    0x08005c20   0x08005c20   0x000009d8   Code   RO         3653    i.pow               m_ws.l(pow.o)
    0x080065f8   0x080065f8   0x000000d4   Code   RO         2702    i.rn8209_ParseCmd   rn8209_drv.o
    0x080066cc   0x080066cc   0x0000004c   Code   RO         3663    i.sqrt              m_ws.l(sqrt.o)
    0x08006718   0x08006718   0x00000018   Data   RO         2343    .constdata          system_stm32f1xx.o
    0x08006730   0x08006730   0x00000005   Data   RO         2704    .constdata          rn8209_drv.o
    0x08006735   0x08006735   0x00000003   PAD
    0x08006738   0x08006738   0x00000088   Data   RO         3654    .constdata          m_ws.l(pow.o)
    0x080067c0   0x080067c0   0x00000008   Data   RO         3741    .constdata          m_ws.l(qnan.o)
    0x080067c8   0x080067c8   0x00000020   Data   RO         3782    Region$$Table       anon$$obj.o


    Execution Region RW_IRAM1 (Exec base: 0x20000000, Load base: 0x080067e8, Size: 0x000032b0, Max: 0x0000c000, ABSOLUTE)

    Exec Addr    Load Addr    Size         Type   Attr      Idx    E Section Name        Object

    0x20000000   0x080067e8   0x00000009   Data   RW          635    .data               stm32f1xx_hal.o
    0x20000009   0x080067f1   0x00000003   PAD
    0x2000000c   0x080067f4   0x00000004   Data   RW         2344    .data               system_stm32f1xx.o
    0x20000010   0x080067f8   0x00000002   Data   RW         2705    .data               rn8209_drv.o
    0x20000012   0x080067fa   0x00000002   PAD
    0x20000014   0x080067fc   0x00000009   Data   RW         2873    .data               rn8209_read.o
    0x2000001d   0x08006805   0x00000001   Data   RW         2908    .data               rn8209_main.o
    0x2000001e   0x08006806   0x00000002   PAD
    0x20000020   0x08006808   0x00000008   Data   RW         2964    .data               rn8209_calibrate_zero.o
    0x20000028   0x08006810   0x00000008   Data   RW         3023    .data               rn8209_calibrate_gain.o
    0x20000030   0x08006818   0x00000008   Data   RW         3088    .data               rn8209_calibrate_offset.o
    0x20000038   0x08006820   0x00000002   Data   RW         3140    .data               app_protocol_ydt1363.o
    0x2000003a   0x08006822   0x00000002   PAD
    0x2000003c   0x08006824   0x00000008   Data   RW         3375    .data               app_storage_drv.o
    0x20000044   0x0800682c   0x00000004   Data   RW         3763    .data               mc_w.l(errno.o)
    0x20000048        -       0x00000058   Zero   RW          276    .bss                spi.o
    0x200000a0        -       0x00000438   Zero   RW          323    .bss                usart.o
    0x200004d8        -       0x0000000c   Zero   RW         2530    .bss                app_test.o
    0x200004e4        -       0x000000fc   Zero   RW         2703    .bss                rn8209_drv.o
    0x200005e0        -       0x0000071c   Zero   RW         2872    .bss                rn8209_read.o
    0x20000cfc        -       0x00000088   Zero   RW         2963    .bss                rn8209_calibrate_zero.o
    0x20000d84        -       0x00000014   Zero   RW         3248    .bss                app_uart_rcv.o
    0x20000d98        -       0x00000052   Zero   RW         3303    .bss                app_storage.o
    0x20000dea   0x08006830   0x00000002   PAD
    0x20000dec        -       0x0000000c   Zero   RW         3441    .bss                app_w25qxx.o
    0x20000df8        -       0x000000a0   Zero   RW         3557    .bss                app_storage_rn8209.o
    0x20000e98        -       0x00000018   Zero   RW         3612    .bss                app_led.o
    0x20000eb0        -       0x00002400   Zero   RW            1    STACK               startup_stm32f103xe.o


==============================================================================

Image component sizes


      Code (inc. data)   RO Data    RW Data    ZI Data      Debug   Object Name

        44          0          0          0          0       3040   app_global.o
        20          0          0          0          0        473   app_init_variables.o
       448         30          0          0         24       3589   app_led.o
       704         14          0          2          0       5999   app_protocol_ydt1363.o
       656         22          0          0          0       5017   app_responder_ydt.o
       270         30          0          0         82       5384   app_storage.o
       860         36          0          8          0       4420   app_storage_drv.o
        88         14          0          0        160       3742   app_storage_rn8209.o
        16          4          0          0         12       1105   app_test.o
       550         28          0          0          0       5828   app_tool.o
       294         34          0          0         20       3401   app_uart_rcv.o
       890         44          0          0         12      11318   app_w25qxx.o
       132          4          0          0          0        794   dma.o
       192         14          0          0          0        919   gpio.o
       176          0          0          0          0     462760   main.o
       936        126          0          8          0       5708   rn8209_calibrate_gain.o
       776         82          0          8          0       4382   rn8209_calibrate_offset.o
       784         78          0          8        136       4767   rn8209_calibrate_zero.o
       864         84          5          2        252       8738   rn8209_drv.o
       960        104          0          0          0      10022   rn8209_func.o
       164         18          0          1          0       3216   rn8209_main.o
       948         52          0          9       1820       2222   rn8209_read.o
       204         20          0          0         88       1657   spi.o
        36          8        304          0       9216        808   startup_stm32f103xe.o
       192         36          0          9          0       6545   stm32f1xx_hal.o
       304         22          0          0          0      29451   stm32f1xx_hal_cortex.o
      1770         28          0          0          0       5326   stm32f1xx_hal_dma.o
       864         40          0          0          0       3325   stm32f1xx_hal_gpio.o
        84          8          0          0          0        902   stm32f1xx_hal_msp.o
      1784        110          0          0          0       6048   stm32f1xx_hal_rcc.o
      1000          6          0          0          0       4481   stm32f1xx_hal_spi.o
      2118         38          0          0          0      14562   stm32f1xx_hal_uart.o
       178         54          0          0          0       8276   stm32f1xx_it.o
         2          0         24          4          0       1131   system_stm32f1xx.o
      1332        184          0          0       1080       7566   usart.o

    ----------------------------------------------------------------------
     20668       1372        368         68      12904     646922   Object Totals
         0          0         32          0          0          0   (incl. Generated)
        28          0          3          9          2          0   (incl. Padding)

    ----------------------------------------------------------------------

      Code (inc. data)   RO Data    RW Data    ZI Data      Debug   Library Member Name

        62         10          0          0          0        340   dunder.o
        40          0          0          0          0         68   fpclassify.o
       170          0          0          0          0         96   poly.o
      2520        190        136          0          0        324   pow.o
         0          0          8          0          0          0   qnan.o
        76          0          0          0          0         84   sqrt.o
         0          0          0          0          0          0   entry.o
         0          0          0          0          0          0   entry10a.o
         0          0          0          0          0          0   entry11a.o
         8          4          0          0          0          0   entry2.o
         4          0          0          0          0          0   entry5.o
         0          0          0          0          0          0   entry7b.o
         0          0          0          0          0          0   entry8b.o
         8          4          0          0          0          0   entry9a.o
        12          6          0          4          0         68   errno.o
        30          0          0          0          0          0   handlers.o
        36          8          0          0          0         68   init.o
         0          0          0          0          0          0   iusefp.o
        98          0          0          0          0         84   ldiv.o
        30          0          0          0          0         68   llshl.o
        36          0          0          0          0         68   llsshr.o
        32          0          0          0          0         68   llushr.o
        36          0          0          0          0         68   memcpya.o
        36          0          0          0          0        108   memseta.o
        12          0          0          0          0         68   toupper.o
        98          0          0          0          0         92   uldiv.o
        48          0          0          0          0         68   cdrcmple.o
        20          0          0          0          0         68   cfcmple.o
        20          0          0          0          0         68   cfrcmple.o
        56          0          0          0          0         88   d2f.o
       334          0          0          0          0        148   dadd.o
       222          0          0          0          0        100   ddiv.o
       186          0          0          0          0        176   depilogue.o
        50          0          0          0          0         76   dfixui.o
        34          0          0          0          0         76   dflti.o
        26          0          0          0          0         76   dfltui.o
        24          0          0          0          0         76   dfltul.o
       228          0          0          0          0         96   dmul.o
        46          0          0          0          0         80   dscalb.o
       162          0          0          0          0        100   dsqrt.o
       176          0          0          0          0        140   fadd.o
       124          0          0          0          0         88   fdiv.o
       110          0          0          0          0        168   fepilogue.o
        50          0          0          0          0         68   ffixi.o
        40          0          0          0          0         68   ffixui.o
        10          0          0          0          0         68   ffltui.o
       100          0          0          0          0         76   fmul.o

    ----------------------------------------------------------------------
      5420        222        144          4          0       3644   Library Totals
        10          0          0          0          0          0   (incl. Padding)

    ----------------------------------------------------------------------

      Code (inc. data)   RO Data    RW Data    ZI Data      Debug   Library Name

      2868        200        144          0          0        912   m_ws.l
       476         22          0          4          0        760   mc_w.l
      2066          0          0          0          0       1972   mf_w.l

    ----------------------------------------------------------------------
      5420        222        144          4          0       3644   Library Totals

    ----------------------------------------------------------------------

==============================================================================


      Code (inc. data)   RO Data    RW Data    ZI Data      Debug   

     26088       1594        512         72      12904     638810   Grand Totals
     26088       1594        512         72      12904     638810   ELF Image Totals
     26088       1594        512         72          0          0   ROM Totals

==============================================================================

    Total RO  Size (Code + RO Data)                26600 (  25.98kB)
    Total RW  Size (RW Data + ZI Data)             12976 (  12.67kB)
    Total ROM Size (Code + RO Data + RW Data)      26672 (  26.05kB)

==============================================================================

